Archive member included because of file (symbol)

c:/users/mahmo/downloads/nti_rtos_course/sdk_win_64/sdk_win_64/winavr/bin/../lib/gcc/avr/4.3.3/avr5\libgcc.a(_mulsi3.o)
                              ./main.o (__mulsi3)
c:/users/mahmo/downloads/nti_rtos_course/sdk_win_64/sdk_win_64/winavr/bin/../lib/gcc/avr/4.3.3/avr5\libgcc.a(_divmodsi4.o)
                              ./LCD/LCD_prog.o (__divmodsi4)
c:/users/mahmo/downloads/nti_rtos_course/sdk_win_64/sdk_win_64/winavr/bin/../lib/gcc/avr/4.3.3/avr5\libgcc.a(_exit.o)
                              c:/users/mahmo/downloads/nti_rtos_course/sdk_win_64/sdk_win_64/winavr/bin/../lib/gcc/avr/4.3.3/../../../../avr/lib/avr5/crtm32.o (exit)
c:/users/mahmo/downloads/nti_rtos_course/sdk_win_64/sdk_win_64/winavr/bin/../lib/gcc/avr/4.3.3/avr5\libgcc.a(_copy_data.o)
                              ./Keypad/Keypad_prog.o (__do_copy_data)
c:/users/mahmo/downloads/nti_rtos_course/sdk_win_64/sdk_win_64/winavr/bin/../lib/gcc/avr/4.3.3/avr5\libgcc.a(_clear_bss.o)
                              ./FreeRTOS/croutine.o (__do_clear_bss)
c:/users/mahmo/downloads/nti_rtos_course/sdk_win_64/sdk_win_64/winavr/bin/../lib/gcc/avr/4.3.3/avr5\libgcc.a(_fixunssfsi.o)
                              ./LCD/LCD_prog.o (__fixunssfsi)
c:/users/mahmo/downloads/nti_rtos_course/sdk_win_64/sdk_win_64/winavr/bin/../lib/gcc/avr/4.3.3/avr5\libgcc.a(_addsub_sf.o)
                              c:/users/mahmo/downloads/nti_rtos_course/sdk_win_64/sdk_win_64/winavr/bin/../lib/gcc/avr/4.3.3/avr5\libgcc.a(_fixunssfsi.o) (__subsf3)
c:/users/mahmo/downloads/nti_rtos_course/sdk_win_64/sdk_win_64/winavr/bin/../lib/gcc/avr/4.3.3/avr5\libgcc.a(_mul_sf.o)
                              ./LCD/LCD_prog.o (__mulsf3)
c:/users/mahmo/downloads/nti_rtos_course/sdk_win_64/sdk_win_64/winavr/bin/../lib/gcc/avr/4.3.3/avr5\libgcc.a(_div_sf.o)
                              ./main.o (__divsf3)
c:/users/mahmo/downloads/nti_rtos_course/sdk_win_64/sdk_win_64/winavr/bin/../lib/gcc/avr/4.3.3/avr5\libgcc.a(_gt_sf.o)
                              ./LCD/LCD_prog.o (__gtsf2)
c:/users/mahmo/downloads/nti_rtos_course/sdk_win_64/sdk_win_64/winavr/bin/../lib/gcc/avr/4.3.3/avr5\libgcc.a(_ge_sf.o)
                              c:/users/mahmo/downloads/nti_rtos_course/sdk_win_64/sdk_win_64/winavr/bin/../lib/gcc/avr/4.3.3/avr5\libgcc.a(_fixunssfsi.o) (__gesf2)
c:/users/mahmo/downloads/nti_rtos_course/sdk_win_64/sdk_win_64/winavr/bin/../lib/gcc/avr/4.3.3/avr5\libgcc.a(_lt_sf.o)
                              ./LCD/LCD_prog.o (__ltsf2)
c:/users/mahmo/downloads/nti_rtos_course/sdk_win_64/sdk_win_64/winavr/bin/../lib/gcc/avr/4.3.3/avr5\libgcc.a(_sf_to_si.o)
                              c:/users/mahmo/downloads/nti_rtos_course/sdk_win_64/sdk_win_64/winavr/bin/../lib/gcc/avr/4.3.3/avr5\libgcc.a(_fixunssfsi.o) (__fixsfsi)
c:/users/mahmo/downloads/nti_rtos_course/sdk_win_64/sdk_win_64/winavr/bin/../lib/gcc/avr/4.3.3/avr5\libgcc.a(_thenan_sf.o)
                              c:/users/mahmo/downloads/nti_rtos_course/sdk_win_64/sdk_win_64/winavr/bin/../lib/gcc/avr/4.3.3/avr5\libgcc.a(_addsub_sf.o) (__thenan_sf)
c:/users/mahmo/downloads/nti_rtos_course/sdk_win_64/sdk_win_64/winavr/bin/../lib/gcc/avr/4.3.3/avr5\libgcc.a(_usi_to_sf.o)
                              ./main.o (__floatunsisf)
c:/users/mahmo/downloads/nti_rtos_course/sdk_win_64/sdk_win_64/winavr/bin/../lib/gcc/avr/4.3.3/avr5\libgcc.a(_udivmodsi4.o)
                              c:/users/mahmo/downloads/nti_rtos_course/sdk_win_64/sdk_win_64/winavr/bin/../lib/gcc/avr/4.3.3/avr5\libgcc.a(_divmodsi4.o) (__udivmodsi4)
c:/users/mahmo/downloads/nti_rtos_course/sdk_win_64/sdk_win_64/winavr/bin/../lib/gcc/avr/4.3.3/avr5\libgcc.a(_prologue.o)
                              c:/users/mahmo/downloads/nti_rtos_course/sdk_win_64/sdk_win_64/winavr/bin/../lib/gcc/avr/4.3.3/avr5\libgcc.a(_addsub_sf.o) (__prologue_saves__)
c:/users/mahmo/downloads/nti_rtos_course/sdk_win_64/sdk_win_64/winavr/bin/../lib/gcc/avr/4.3.3/avr5\libgcc.a(_epilogue.o)
                              c:/users/mahmo/downloads/nti_rtos_course/sdk_win_64/sdk_win_64/winavr/bin/../lib/gcc/avr/4.3.3/avr5\libgcc.a(_addsub_sf.o) (__epilogue_restores__)
c:/users/mahmo/downloads/nti_rtos_course/sdk_win_64/sdk_win_64/winavr/bin/../lib/gcc/avr/4.3.3/avr5\libgcc.a(_clzsi2.o)
                              c:/users/mahmo/downloads/nti_rtos_course/sdk_win_64/sdk_win_64/winavr/bin/../lib/gcc/avr/4.3.3/avr5\libgcc.a(_usi_to_sf.o) (__clzsi2)
c:/users/mahmo/downloads/nti_rtos_course/sdk_win_64/sdk_win_64/winavr/bin/../lib/gcc/avr/4.3.3/avr5\libgcc.a(_pack_sf.o)
                              c:/users/mahmo/downloads/nti_rtos_course/sdk_win_64/sdk_win_64/winavr/bin/../lib/gcc/avr/4.3.3/avr5\libgcc.a(_addsub_sf.o) (__pack_f)
c:/users/mahmo/downloads/nti_rtos_course/sdk_win_64/sdk_win_64/winavr/bin/../lib/gcc/avr/4.3.3/avr5\libgcc.a(_unpack_sf.o)
                              c:/users/mahmo/downloads/nti_rtos_course/sdk_win_64/sdk_win_64/winavr/bin/../lib/gcc/avr/4.3.3/avr5\libgcc.a(_addsub_sf.o) (__unpack_f)
c:/users/mahmo/downloads/nti_rtos_course/sdk_win_64/sdk_win_64/winavr/bin/../lib/gcc/avr/4.3.3/avr5\libgcc.a(_fpcmp_parts_sf.o)
                              c:/users/mahmo/downloads/nti_rtos_course/sdk_win_64/sdk_win_64/winavr/bin/../lib/gcc/avr/4.3.3/avr5\libgcc.a(_gt_sf.o) (__fpcmp_parts_f)
c:/users/mahmo/downloads/nti_rtos_course/sdk_win_64/sdk_win_64/winavr/bin/../lib/gcc/avr/4.3.3/avr5\libgcc.a(_clz.o)
                              c:/users/mahmo/downloads/nti_rtos_course/sdk_win_64/sdk_win_64/winavr/bin/../lib/gcc/avr/4.3.3/avr5\libgcc.a(_clzsi2.o) (__clz_tab)
c:/users/mahmo/downloads/nti_rtos_course/sdk_win_64/sdk_win_64/winavr/bin/../lib/gcc/avr/4.3.3/../../../../avr/lib/avr5\libc.a(atoi.o)
                              ./main.o (atoi)
c:/users/mahmo/downloads/nti_rtos_course/sdk_win_64/sdk_win_64/winavr/bin/../lib/gcc/avr/4.3.3/../../../../avr/lib/avr5\libc.a(memcpy.o)
                              ./FreeRTOS/queue.o (memcpy)
c:/users/mahmo/downloads/nti_rtos_course/sdk_win_64/sdk_win_64/winavr/bin/../lib/gcc/avr/4.3.3/../../../../avr/lib/avr5\libc.a(memset.o)
                              ./FreeRTOS/tasks.o (memset)
c:/users/mahmo/downloads/nti_rtos_course/sdk_win_64/sdk_win_64/winavr/bin/../lib/gcc/avr/4.3.3/../../../../avr/lib/avr5\libc.a(strlen.o)
                              ./main.o (strlen)
c:/users/mahmo/downloads/nti_rtos_course/sdk_win_64/sdk_win_64/winavr/bin/../lib/gcc/avr/4.3.3/../../../../avr/lib/avr5\libc.a(strncpy.o)
                              ./FreeRTOS/tasks.o (strncpy)
c:/users/mahmo/downloads/nti_rtos_course/sdk_win_64/sdk_win_64/winavr/bin/../lib/gcc/avr/4.3.3/../../../../avr/lib/avr5\libc.a(mul10.o)
                              c:/users/mahmo/downloads/nti_rtos_course/sdk_win_64/sdk_win_64/winavr/bin/../lib/gcc/avr/4.3.3/../../../../avr/lib/avr5\libc.a(atoi.o) (__mulhi_const_10)

Allocating common symbols
Common symbol       size              file

LCD_semphr          0x2               ./main.o
ADC_semphr          0x2               ./main.o

Memory Configuration

Name             Origin             Length             Attributes
text             0x00000000         0x00020000         xr
data             0x00800060         0x0000ffa0         rw !x
eeprom           0x00810000         0x00010000         rw !x
fuse             0x00820000         0x00000400         rw !x
lock             0x00830000         0x00000400         rw !x
signature        0x00840000         0x00000400         rw !x
*default*        0x00000000         0xffffffff

Linker script and memory map

LOAD c:/users/mahmo/downloads/nti_rtos_course/sdk_win_64/sdk_win_64/winavr/bin/../lib/gcc/avr/4.3.3/../../../../avr/lib/avr5/crtm32.o
LOAD ./LCD/LCD_prog.o
LOAD ./Keypad/Keypad_prog.o
LOAD ./GIE/GIE_prog.o
LOAD ./FreeRTOS/croutine.o
LOAD ./FreeRTOS/heap_1.o
LOAD ./FreeRTOS/list.o
LOAD ./FreeRTOS/port.o
LOAD ./FreeRTOS/queue.o
LOAD ./FreeRTOS/tasks.o
LOAD ./FreeRTOS/timers.o
LOAD ./DIO/DIO_prog.o
LOAD ./ADC/ADC_prog.o
LOAD ./main.o
LOAD c:/users/mahmo/downloads/nti_rtos_course/sdk_win_64/sdk_win_64/winavr/bin/../lib/gcc/avr/4.3.3/avr5\libgcc.a
LOAD c:/users/mahmo/downloads/nti_rtos_course/sdk_win_64/sdk_win_64/winavr/bin/../lib/gcc/avr/4.3.3/../../../../avr/lib/avr5\libc.a
LOAD c:/users/mahmo/downloads/nti_rtos_course/sdk_win_64/sdk_win_64/winavr/bin/../lib/gcc/avr/4.3.3/avr5\libgcc.a

.hash
 *(.hash)

.dynsym
 *(.dynsym)

.dynstr
 *(.dynstr)

.gnu.version
 *(.gnu.version)

.gnu.version_d
 *(.gnu.version_d)

.gnu.version_r
 *(.gnu.version_r)

.rel.init
 *(.rel.init)

.rela.init
 *(.rela.init)

.rel.text
 *(.rel.text)
 *(.rel.text.*)
 *(.rel.gnu.linkonce.t*)

.rela.text
 *(.rela.text)
 *(.rela.text.*)
 *(.rela.gnu.linkonce.t*)

.rel.fini
 *(.rel.fini)

.rela.fini
 *(.rela.fini)

.rel.rodata
 *(.rel.rodata)
 *(.rel.rodata.*)
 *(.rel.gnu.linkonce.r*)

.rela.rodata
 *(.rela.rodata)
 *(.rela.rodata.*)
 *(.rela.gnu.linkonce.r*)

.rel.data
 *(.rel.data)
 *(.rel.data.*)
 *(.rel.gnu.linkonce.d*)

.rela.data
 *(.rela.data)
 *(.rela.data.*)
 *(.rela.gnu.linkonce.d*)

.rel.ctors
 *(.rel.ctors)

.rela.ctors
 *(.rela.ctors)

.rel.dtors
 *(.rel.dtors)

.rela.dtors
 *(.rela.dtors)

.rel.got
 *(.rel.got)

.rela.got
 *(.rela.got)

.rel.bss
 *(.rel.bss)

.rela.bss
 *(.rela.bss)

.rel.plt
 *(.rel.plt)

.rela.plt
 *(.rela.plt)

.text           0x00000000     0x5ace
 *(.vectors)
 .vectors       0x00000000       0x54 c:/users/mahmo/downloads/nti_rtos_course/sdk_win_64/sdk_win_64/winavr/bin/../lib/gcc/avr/4.3.3/../../../../avr/lib/avr5/crtm32.o
                0x00000000                __vectors
                0x00000000                __vector_default
 *(.vectors)
 *(.progmem.gcc*)
 *(.progmem*)
                0x00000054                . = ALIGN (0x2)
                0x00000054                __trampolines_start = .
 *(.trampolines)
 .trampolines   0x00000054        0x0 linker stubs
 *(.trampolines*)
                0x00000054                __trampolines_end = .
 *(.jumptables)
 *(.jumptables*)
 *(.lowtext)
 *(.lowtext*)
                0x00000054                __ctors_start = .
 *(.ctors)
                0x00000054                __ctors_end = .
                0x00000054                __dtors_start = .
 *(.dtors)
                0x00000054                __dtors_end = .
 SORT(*)(.ctors)
 SORT(*)(.dtors)
 *(.init0)
 .init0         0x00000054        0x0 c:/users/mahmo/downloads/nti_rtos_course/sdk_win_64/sdk_win_64/winavr/bin/../lib/gcc/avr/4.3.3/../../../../avr/lib/avr5/crtm32.o
                0x00000054                __init
 *(.init0)
 *(.init1)
 *(.init1)
 *(.init2)
 .init2         0x00000054        0xc c:/users/mahmo/downloads/nti_rtos_course/sdk_win_64/sdk_win_64/winavr/bin/../lib/gcc/avr/4.3.3/../../../../avr/lib/avr5/crtm32.o
 *(.init2)
 *(.init3)
 *(.init3)
 *(.init4)
 .init4         0x00000060       0x16 c:/users/mahmo/downloads/nti_rtos_course/sdk_win_64/sdk_win_64/winavr/bin/../lib/gcc/avr/4.3.3/avr5\libgcc.a(_copy_data.o)
                0x00000060                __do_copy_data
 .init4         0x00000076       0x10 c:/users/mahmo/downloads/nti_rtos_course/sdk_win_64/sdk_win_64/winavr/bin/../lib/gcc/avr/4.3.3/avr5\libgcc.a(_clear_bss.o)
                0x00000076                __do_clear_bss
 *(.init4)
 *(.init5)
 *(.init5)
 *(.init6)
 *(.init6)
 *(.init7)
 *(.init7)
 *(.init8)
 *(.init8)
 *(.init9)
 .init9         0x00000086        0x8 c:/users/mahmo/downloads/nti_rtos_course/sdk_win_64/sdk_win_64/winavr/bin/../lib/gcc/avr/4.3.3/../../../../avr/lib/avr5/crtm32.o
 *(.init9)
 *(.text)
 .text          0x0000008e        0x4 c:/users/mahmo/downloads/nti_rtos_course/sdk_win_64/sdk_win_64/winavr/bin/../lib/gcc/avr/4.3.3/../../../../avr/lib/avr5/crtm32.o
                0x0000008e                __vector_1
                0x0000008e                __vector_12
                0x0000008e                __bad_interrupt
                0x0000008e                __vector_6
                0x0000008e                __vector_3
                0x0000008e                __vector_11
                0x0000008e                __vector_13
                0x0000008e                __vector_17
                0x0000008e                __vector_19
                0x0000008e                __vector_5
                0x0000008e                __vector_4
                0x0000008e                __vector_9
                0x0000008e                __vector_2
                0x0000008e                __vector_15
                0x0000008e                __vector_8
                0x0000008e                __vector_14
                0x0000008e                __vector_10
                0x0000008e                __vector_18
                0x0000008e                __vector_20
 .text          0x00000092        0x0 ./LCD/LCD_prog.o
 .text          0x00000092        0x0 ./Keypad/Keypad_prog.o
 .text          0x00000092        0x0 ./GIE/GIE_prog.o
 .text          0x00000092        0x0 ./FreeRTOS/croutine.o
 .text          0x00000092        0x0 ./FreeRTOS/heap_1.o
 .text          0x00000092        0x0 ./FreeRTOS/list.o
 .text          0x00000092        0x0 ./FreeRTOS/port.o
 .text          0x00000092        0x0 ./FreeRTOS/queue.o
 .text          0x00000092        0x0 ./FreeRTOS/tasks.o
 .text          0x00000092        0x0 ./FreeRTOS/timers.o
 .text          0x00000092        0x0 ./DIO/DIO_prog.o
 .text          0x00000092        0x0 ./ADC/ADC_prog.o
 .text          0x00000092        0x0 ./main.o
 .text          0x00000092        0x0 c:/users/mahmo/downloads/nti_rtos_course/sdk_win_64/sdk_win_64/winavr/bin/../lib/gcc/avr/4.3.3/avr5\libgcc.a(_mulsi3.o)
 .text          0x00000092        0x0 c:/users/mahmo/downloads/nti_rtos_course/sdk_win_64/sdk_win_64/winavr/bin/../lib/gcc/avr/4.3.3/avr5\libgcc.a(_divmodsi4.o)
 .text          0x00000092        0x0 c:/users/mahmo/downloads/nti_rtos_course/sdk_win_64/sdk_win_64/winavr/bin/../lib/gcc/avr/4.3.3/avr5\libgcc.a(_exit.o)
 .text          0x00000092        0x0 c:/users/mahmo/downloads/nti_rtos_course/sdk_win_64/sdk_win_64/winavr/bin/../lib/gcc/avr/4.3.3/avr5\libgcc.a(_copy_data.o)
 .text          0x00000092        0x0 c:/users/mahmo/downloads/nti_rtos_course/sdk_win_64/sdk_win_64/winavr/bin/../lib/gcc/avr/4.3.3/avr5\libgcc.a(_clear_bss.o)
 .text          0x00000092       0x58 c:/users/mahmo/downloads/nti_rtos_course/sdk_win_64/sdk_win_64/winavr/bin/../lib/gcc/avr/4.3.3/avr5\libgcc.a(_fixunssfsi.o)
                0x00000092                __fixunssfsi
 .text          0x000000ea      0x354 c:/users/mahmo/downloads/nti_rtos_course/sdk_win_64/sdk_win_64/winavr/bin/../lib/gcc/avr/4.3.3/avr5\libgcc.a(_addsub_sf.o)
                0x00000382                __subsf3
                0x000003e4                __addsf3
 .text          0x0000043e      0x1f4 c:/users/mahmo/downloads/nti_rtos_course/sdk_win_64/sdk_win_64/winavr/bin/../lib/gcc/avr/4.3.3/avr5\libgcc.a(_mul_sf.o)
                0x0000043e                __mulsf3
 .text          0x00000632      0x158 c:/users/mahmo/downloads/nti_rtos_course/sdk_win_64/sdk_win_64/winavr/bin/../lib/gcc/avr/4.3.3/avr5\libgcc.a(_div_sf.o)
                0x00000632                __divsf3
 .text          0x0000078a       0x60 c:/users/mahmo/downloads/nti_rtos_course/sdk_win_64/sdk_win_64/winavr/bin/../lib/gcc/avr/4.3.3/avr5\libgcc.a(_gt_sf.o)
                0x0000078a                __gtsf2
 .text          0x000007ea       0x60 c:/users/mahmo/downloads/nti_rtos_course/sdk_win_64/sdk_win_64/winavr/bin/../lib/gcc/avr/4.3.3/avr5\libgcc.a(_ge_sf.o)
                0x000007ea                __gesf2
 .text          0x0000084a       0x60 c:/users/mahmo/downloads/nti_rtos_course/sdk_win_64/sdk_win_64/winavr/bin/../lib/gcc/avr/4.3.3/avr5\libgcc.a(_lt_sf.o)
                0x0000084a                __ltsf2
 .text          0x000008aa       0xa8 c:/users/mahmo/downloads/nti_rtos_course/sdk_win_64/sdk_win_64/winavr/bin/../lib/gcc/avr/4.3.3/avr5\libgcc.a(_sf_to_si.o)
                0x000008aa                __fixsfsi
 .text          0x00000952        0x0 c:/users/mahmo/downloads/nti_rtos_course/sdk_win_64/sdk_win_64/winavr/bin/../lib/gcc/avr/4.3.3/avr5\libgcc.a(_thenan_sf.o)
 .text          0x00000952       0xf2 c:/users/mahmo/downloads/nti_rtos_course/sdk_win_64/sdk_win_64/winavr/bin/../lib/gcc/avr/4.3.3/avr5\libgcc.a(_usi_to_sf.o)
                0x00000952                __floatunsisf
 .text          0x00000a44        0x0 c:/users/mahmo/downloads/nti_rtos_course/sdk_win_64/sdk_win_64/winavr/bin/../lib/gcc/avr/4.3.3/avr5\libgcc.a(_udivmodsi4.o)
 .text          0x00000a44        0x0 c:/users/mahmo/downloads/nti_rtos_course/sdk_win_64/sdk_win_64/winavr/bin/../lib/gcc/avr/4.3.3/avr5\libgcc.a(_prologue.o)
 .text          0x00000a44        0x0 c:/users/mahmo/downloads/nti_rtos_course/sdk_win_64/sdk_win_64/winavr/bin/../lib/gcc/avr/4.3.3/avr5\libgcc.a(_epilogue.o)
 .text          0x00000a44       0x9e c:/users/mahmo/downloads/nti_rtos_course/sdk_win_64/sdk_win_64/winavr/bin/../lib/gcc/avr/4.3.3/avr5\libgcc.a(_clzsi2.o)
                0x00000a44                __clzsi2
 .text          0x00000ae2      0x1aa c:/users/mahmo/downloads/nti_rtos_course/sdk_win_64/sdk_win_64/winavr/bin/../lib/gcc/avr/4.3.3/avr5\libgcc.a(_pack_sf.o)
                0x00000ae2                __pack_f
 .text          0x00000c8c       0xf0 c:/users/mahmo/downloads/nti_rtos_course/sdk_win_64/sdk_win_64/winavr/bin/../lib/gcc/avr/4.3.3/avr5\libgcc.a(_unpack_sf.o)
                0x00000c8c                __unpack_f
 .text          0x00000d7c       0xb2 c:/users/mahmo/downloads/nti_rtos_course/sdk_win_64/sdk_win_64/winavr/bin/../lib/gcc/avr/4.3.3/avr5\libgcc.a(_fpcmp_parts_sf.o)
                0x00000d7c                __fpcmp_parts_f
 .text          0x00000e2e        0x0 c:/users/mahmo/downloads/nti_rtos_course/sdk_win_64/sdk_win_64/winavr/bin/../lib/gcc/avr/4.3.3/avr5\libgcc.a(_clz.o)
 .text          0x00000e2e        0x0 c:/users/mahmo/downloads/nti_rtos_course/sdk_win_64/sdk_win_64/winavr/bin/../lib/gcc/avr/4.3.3/../../../../avr/lib/avr5\libc.a(atoi.o)
 .text          0x00000e2e        0x0 c:/users/mahmo/downloads/nti_rtos_course/sdk_win_64/sdk_win_64/winavr/bin/../lib/gcc/avr/4.3.3/../../../../avr/lib/avr5\libc.a(memcpy.o)
 .text          0x00000e2e        0x0 c:/users/mahmo/downloads/nti_rtos_course/sdk_win_64/sdk_win_64/winavr/bin/../lib/gcc/avr/4.3.3/../../../../avr/lib/avr5\libc.a(memset.o)
 .text          0x00000e2e        0x0 c:/users/mahmo/downloads/nti_rtos_course/sdk_win_64/sdk_win_64/winavr/bin/../lib/gcc/avr/4.3.3/../../../../avr/lib/avr5\libc.a(strlen.o)
 .text          0x00000e2e        0x0 c:/users/mahmo/downloads/nti_rtos_course/sdk_win_64/sdk_win_64/winavr/bin/../lib/gcc/avr/4.3.3/../../../../avr/lib/avr5\libc.a(strncpy.o)
 .text          0x00000e2e        0x0 c:/users/mahmo/downloads/nti_rtos_course/sdk_win_64/sdk_win_64/winavr/bin/../lib/gcc/avr/4.3.3/../../../../avr/lib/avr5\libc.a(mul10.o)
                0x00000e2e                . = ALIGN (0x2)
 *(.text.*)
 .text.LCD_enuInit
                0x00000e2e      0x398 ./LCD/LCD_prog.o
                0x00000e2e                LCD_enuInit
 .text.LCD_enuWriteData
                0x000011c6       0x2a ./LCD/LCD_prog.o
                0x000011c6                LCD_enuWriteData
 .text.LCD_enuWriteCommand
                0x000011f0       0x2a ./LCD/LCD_prog.o
                0x000011f0                LCD_enuWriteCommand
 .text.LCD_enuWriteString
                0x0000121a       0x5a ./LCD/LCD_prog.o
                0x0000121a                LCD_enuWriteString
 .text.LCD_enuWriteIntegerNum
                0x00001274      0x146 ./LCD/LCD_prog.o
                0x00001274                LCD_enuWriteIntegerNum
 .text.LCD_enuGoToPosition
                0x000013ba       0xba ./LCD/LCD_prog.o
                0x000013ba                LCD_enuGoToPosition
 .text.LCD_enuWriteNLatch
                0x00001474      0x49a ./LCD/LCD_prog.o
 .text.Keypad_enuInit
                0x0000190e       0xb6 ./Keypad/Keypad_prog.o
                0x0000190e                Keypad_enuInit
 .text.Keypad_GetPressedKey
                0x000019c4      0x30a ./Keypad/Keypad_prog.o
                0x000019c4                Keypad_GetPressedKey
 .text.GIE_enuInit
                0x00001cce       0x12 ./GIE/GIE_prog.o
                0x00001cce                GIE_enuInit
 .text.GIE_enuEnable
                0x00001ce0       0x12 ./GIE/GIE_prog.o
                0x00001ce0                GIE_enuEnable
 .text.GIE_enuDisable
                0x00001cf2       0x12 ./GIE/GIE_prog.o
                0x00001cf2                GIE_enuDisable
 .text.xCoRoutineCreate
                0x00001d04      0x128 ./FreeRTOS/croutine.o
                0x00001d04                xCoRoutineCreate
 .text.vCoRoutineAddToDelayedList
                0x00001e2c       0xc2 ./FreeRTOS/croutine.o
                0x00001e2c                vCoRoutineAddToDelayedList
 .text.prvCheckPendingReadyList
                0x00001eee       0x94 ./FreeRTOS/croutine.o
 .text.prvCheckDelayedList
                0x00001f82      0x15c ./FreeRTOS/croutine.o
 .text.vCoRoutineSchedule
                0x000020de       0xf4 ./FreeRTOS/croutine.o
                0x000020de                vCoRoutineSchedule
 .text.prvInitialiseCoRoutineLists
                0x000021d2       0x72 ./FreeRTOS/croutine.o
 .text.xCoRoutineRemoveFromEventList
                0x00002244       0x70 ./FreeRTOS/croutine.o
                0x00002244                xCoRoutineRemoveFromEventList
 .text.pvPortMalloc
                0x000022b4       0x8c ./FreeRTOS/heap_1.o
                0x000022b4                pvPortMalloc
 .text.vPortFree
                0x00002340       0x18 ./FreeRTOS/heap_1.o
                0x00002340                vPortFree
 .text.vPortInitialiseBlocks
                0x00002358       0x16 ./FreeRTOS/heap_1.o
                0x00002358                vPortInitialiseBlocks
 .text.xPortGetFreeHeapSize
                0x0000236e       0x1e ./FreeRTOS/heap_1.o
                0x0000236e                xPortGetFreeHeapSize
 .text.vListInitialise
                0x0000238c       0x54 ./FreeRTOS/list.o
                0x0000238c                vListInitialise
 .text.vListInitialiseItem
                0x000023e0       0x20 ./FreeRTOS/list.o
                0x000023e0                vListInitialiseItem
 .text.vListInsertEnd
                0x00002400       0x98 ./FreeRTOS/list.o
                0x00002400                vListInsertEnd
 .text.vListInsert
                0x00002498       0xd8 ./FreeRTOS/list.o
                0x00002498                vListInsert
 .text.vListRemove
                0x00002570       0x92 ./FreeRTOS/list.o
                0x00002570                vListRemove
 .text.pxPortInitialiseStack
                0x00002602      0x306 ./FreeRTOS/port.o
                0x00002602                pxPortInitialiseStack
 .text.xPortStartScheduler
                0x00002908       0x6a ./FreeRTOS/port.o
                0x00002908                xPortStartScheduler
 .text.vPortEndScheduler
                0x00002972        0xe ./FreeRTOS/port.o
                0x00002972                vPortEndScheduler
 .text.vPortYield
                0x00002980       0xb2 ./FreeRTOS/port.o
                0x00002980                vPortYield
 .text.vPortYieldFromTick
                0x00002a32       0xb6 ./FreeRTOS/port.o
                0x00002a32                vPortYieldFromTick
 .text.prvSetupTimerInterrupt
                0x00002ae8       0xb8 ./FreeRTOS/port.o
 .text.__vector_7
                0x00002ba0        0x6 ./FreeRTOS/port.o
                0x00002ba0                __vector_7
 .text.xQueueCreate
                0x00002ba6      0x152 ./FreeRTOS/queue.o
                0x00002ba6                xQueueCreate
 .text.xQueueCreateMutex
                0x00002cf8       0x96 ./FreeRTOS/queue.o
                0x00002cf8                xQueueCreateMutex
 .text.xQueueCreateCountingSemaphore
                0x00002d8e       0x3e ./FreeRTOS/queue.o
                0x00002d8e                xQueueCreateCountingSemaphore
 .text.xQueueGenericSend
                0x00002dcc      0x13c ./FreeRTOS/queue.o
                0x00002dcc                xQueueGenericSend
 .text.xQueueGenericSendFromISR
                0x00002f08       0x9a ./FreeRTOS/queue.o
                0x00002f08                xQueueGenericSendFromISR
 .text.xQueueGenericReceive
                0x00002fa2      0x1ba ./FreeRTOS/queue.o
                0x00002fa2                xQueueGenericReceive
 .text.xQueueReceiveFromISR
                0x0000315c       0x9e ./FreeRTOS/queue.o
                0x0000315c                xQueueReceiveFromISR
 .text.uxQueueMessagesWaiting
                0x000031fa       0x30 ./FreeRTOS/queue.o
                0x000031fa                uxQueueMessagesWaiting
 .text.uxQueueMessagesWaitingFromISR
                0x0000322a       0x26 ./FreeRTOS/queue.o
                0x0000322a                uxQueueMessagesWaitingFromISR
 .text.vQueueDelete
                0x00003250       0x2c ./FreeRTOS/queue.o
                0x00003250                vQueueDelete
 .text.prvCopyDataToQueue
                0x0000327c      0x14c ./FreeRTOS/queue.o
 .text.prvCopyDataFromQueue
                0x000033c8       0x90 ./FreeRTOS/queue.o
 .text.prvUnlockQueue
                0x00003458       0xa8 ./FreeRTOS/queue.o
 .text.prvIsQueueEmpty
                0x00003500       0x38 ./FreeRTOS/queue.o
 .text.xQueueIsQueueEmptyFromISR
                0x00003538       0x2e ./FreeRTOS/queue.o
                0x00003538                xQueueIsQueueEmptyFromISR
 .text.prvIsQueueFull
                0x00003566       0x3e ./FreeRTOS/queue.o
 .text.xQueueIsQueueFullFromISR
                0x000035a4       0x34 ./FreeRTOS/queue.o
                0x000035a4                xQueueIsQueueFullFromISR
 .text.xTaskGenericCreate
                0x000035d8      0x1da ./FreeRTOS/tasks.o
                0x000035d8                xTaskGenericCreate
 .text.vTaskDelete
                0x000037b2       0xc6 ./FreeRTOS/tasks.o
                0x000037b2                vTaskDelete
 .text.vTaskDelayUntil
                0x00003878       0xe8 ./FreeRTOS/tasks.o
                0x00003878                vTaskDelayUntil
 .text.vTaskDelay
                0x00003960       0x6a ./FreeRTOS/tasks.o
                0x00003960                vTaskDelay
 .text.vTaskSuspend
                0x000039ca       0xce ./FreeRTOS/tasks.o
                0x000039ca                vTaskSuspend
 .text.xTaskIsTaskSuspended
                0x00003a98       0x5e ./FreeRTOS/tasks.o
                0x00003a98                xTaskIsTaskSuspended
 .text.vTaskResume
                0x00003af6       0xc8 ./FreeRTOS/tasks.o
                0x00003af6                vTaskResume
 .text.xTaskResumeFromISR
                0x00003bbe       0xca ./FreeRTOS/tasks.o
                0x00003bbe                xTaskResumeFromISR
 .text.vTaskStartScheduler
                0x00003c88       0x6e ./FreeRTOS/tasks.o
                0x00003c88                vTaskStartScheduler
 .text.vTaskEndScheduler
                0x00003cf6       0x18 ./FreeRTOS/tasks.o
                0x00003cf6                vTaskEndScheduler
 .text.vTaskSuspendAll
                0x00003d0e       0x18 ./FreeRTOS/tasks.o
                0x00003d0e                vTaskSuspendAll
 .text.xTaskResumeAll
                0x00003d26      0x114 ./FreeRTOS/tasks.o
                0x00003d26                xTaskResumeAll
 .text.xTaskGetTickCount
                0x00003e3a       0x2e ./FreeRTOS/tasks.o
                0x00003e3a                xTaskGetTickCount
 .text.xTaskGetTickCountFromISR
                0x00003e68       0x2a ./FreeRTOS/tasks.o
                0x00003e68                xTaskGetTickCountFromISR
 .text.uxTaskGetNumberOfTasks
                0x00003e92       0x12 ./FreeRTOS/tasks.o
                0x00003e92                uxTaskGetNumberOfTasks
 .text.vTaskIncrementTick
                0x00003ea4      0x1aa ./FreeRTOS/tasks.o
                0x00003ea4                vTaskIncrementTick
 .text.vTaskSwitchContext
                0x0000404e       0xcc ./FreeRTOS/tasks.o
                0x0000404e                vTaskSwitchContext
 .text.vTaskPlaceOnEventList
                0x0000411a       0x92 ./FreeRTOS/tasks.o
                0x0000411a                vTaskPlaceOnEventList
 .text.xTaskRemoveFromEventList
                0x000041ac       0xd0 ./FreeRTOS/tasks.o
                0x000041ac                xTaskRemoveFromEventList
 .text.vTaskSetTimeOutState
                0x0000427c       0x32 ./FreeRTOS/tasks.o
                0x0000427c                vTaskSetTimeOutState
 .text.xTaskCheckForTimeOut
                0x000042ae       0xce ./FreeRTOS/tasks.o
                0x000042ae                xTaskCheckForTimeOut
 .text.vTaskMissedYield
                0x0000437c       0x14 ./FreeRTOS/tasks.o
                0x0000437c                vTaskMissedYield
 .text.prvIdleTask
                0x00004390       0x14 ./FreeRTOS/tasks.o
 .text.prvInitialiseTCBVariables
                0x000043a4       0xb6 ./FreeRTOS/tasks.o
 .text.prvInitialiseTaskLists
                0x0000445a       0x82 ./FreeRTOS/tasks.o
 .text.prvCheckTasksWaitingTermination
                0x000044dc       0x7c ./FreeRTOS/tasks.o
 .text.prvAddCurrentTaskToDelayedList
                0x00004558       0x92 ./FreeRTOS/tasks.o
 .text.prvAllocateTCBAndStack
                0x000045ea       0xa0 ./FreeRTOS/tasks.o
 .text.prvDeleteTCB
                0x0000468a       0x2c ./FreeRTOS/tasks.o
 .text.xTaskGetCurrentTaskHandle
                0x000046b6       0x24 ./FreeRTOS/tasks.o
                0x000046b6                xTaskGetCurrentTaskHandle
 .text.vTaskPriorityInherit
                0x000046da      0x100 ./FreeRTOS/tasks.o
                0x000046da                vTaskPriorityInherit
 .text.vTaskPriorityDisinherit
                0x000047da       0xbe ./FreeRTOS/tasks.o
                0x000047da                vTaskPriorityDisinherit
 .text.DIO_enuInit
                0x00004898       0x26 ./DIO/DIO_prog.o
                0x00004898                DIO_enuInit
 .text.DIO_enuSetPinDirection
                0x000048be      0x1d8 ./DIO/DIO_prog.o
                0x000048be                DIO_enuSetPinDirection
 .text.DIO_enuSetPinValue
                0x00004a96      0x1d8 ./DIO/DIO_prog.o
                0x00004a96                DIO_enuSetPinValue
 .text.DIO_enuTogglePinValue
                0x00004c6e      0x11c ./DIO/DIO_prog.o
                0x00004c6e                DIO_enuTogglePinValue
 .text.DIO_enuGetPinValue
                0x00004d8a      0x13c ./DIO/DIO_prog.o
                0x00004d8a                DIO_enuGetPinValue
 .text.ADC_enuInit
                0x00004ec6       0x94 ./ADC/ADC_prog.o
                0x00004ec6                ADC_enuInit
 .text.ADC_enuStartConversion
                0x00004f5a       0x1e ./ADC/ADC_prog.o
                0x00004f5a                ADC_enuStartConversion
 .text.ADC_enuReadHighRegister
                0x00004f78       0x2c ./ADC/ADC_prog.o
                0x00004f78                ADC_enuReadHighRegister
 .text.ADC_enuRead
                0x00004fa4       0x60 ./ADC/ADC_prog.o
                0x00004fa4                ADC_enuRead
 .text.ADC_enuCallBack
                0x00005004       0x34 ./ADC/ADC_prog.o
                0x00005004                ADC_enuCallBack
 .text.ADC_enuSelectChannel
                0x00005038       0x3e ./ADC/ADC_prog.o
                0x00005038                ADC_enuSelectChannel
 .text.ADC_enuEnableAutoTrigger
                0x00005076       0x70 ./ADC/ADC_prog.o
                0x00005076                ADC_enuEnableAutoTrigger
 .text.ADC_enuDisableAutoTrigger
                0x000050e6       0x1e ./ADC/ADC_prog.o
                0x000050e6                ADC_enuDisableAutoTrigger
 .text.ADC_enuPolling
                0x00005104       0x26 ./ADC/ADC_prog.o
                0x00005104                ADC_enuPolling
 .text.ADC_enuClearFlag
                0x0000512a       0x1e ./ADC/ADC_prog.o
                0x0000512a                ADC_enuClearFlag
 .text.ADC_enuEnableADC
                0x00005148       0x24 ./ADC/ADC_prog.o
                0x00005148                ADC_enuEnableADC
 .text.ADC_enuDisableADC
                0x0000516c       0x24 ./ADC/ADC_prog.o
                0x0000516c                ADC_enuDisableADC
 .text.ADC_enuEnableADC_INT
                0x00005190       0x24 ./ADC/ADC_prog.o
                0x00005190                ADC_enuEnableADC_INT
 .text.ADC_enuDisableADC_INT
                0x000051b4       0x24 ./ADC/ADC_prog.o
                0x000051b4                ADC_enuDisableADC_INT
 .text.__vector_16
                0x000051d8       0x66 ./ADC/ADC_prog.o
                0x000051d8                __vector_16
 .text.main     0x0000523e      0x178 ./main.o
                0x0000523e                main
 .text.LCD      0x000053b6      0x194 ./main.o
                0x000053b6                LCD
 .text.KeyPad   0x0000554a      0x152 ./main.o
                0x0000554a                KeyPad
 .text.Door_Action
                0x0000569c       0xcc ./main.o
                0x0000569c                Door_Action
 .text.ADC_Read
                0x00005768       0x64 ./main.o
                0x00005768                ADC_Read
 .text.adc_isr  0x000057cc       0x24 ./main.o
                0x000057cc                adc_isr
 .text.ReadTemp
                0x000057f0       0xb0 ./main.o
                0x000057f0                ReadTemp
 .text.Fan      0x000058a0       0x68 ./main.o
                0x000058a0                Fan
 .text.libgcc   0x00005908       0x3e c:/users/mahmo/downloads/nti_rtos_course/sdk_win_64/sdk_win_64/winavr/bin/../lib/gcc/avr/4.3.3/avr5\libgcc.a(_mulsi3.o)
                0x00005908                __mulsi3
 .text.libgcc   0x00005946       0x36 c:/users/mahmo/downloads/nti_rtos_course/sdk_win_64/sdk_win_64/winavr/bin/../lib/gcc/avr/4.3.3/avr5\libgcc.a(_divmodsi4.o)
                0x00005946                __divmodsi4
 .text.libgcc   0x0000597c        0x0 c:/users/mahmo/downloads/nti_rtos_course/sdk_win_64/sdk_win_64/winavr/bin/../lib/gcc/avr/4.3.3/avr5\libgcc.a(_exit.o)
 .text.libgcc   0x0000597c        0x0 c:/users/mahmo/downloads/nti_rtos_course/sdk_win_64/sdk_win_64/winavr/bin/../lib/gcc/avr/4.3.3/avr5\libgcc.a(_copy_data.o)
 .text.libgcc   0x0000597c        0x0 c:/users/mahmo/downloads/nti_rtos_course/sdk_win_64/sdk_win_64/winavr/bin/../lib/gcc/avr/4.3.3/avr5\libgcc.a(_clear_bss.o)
 .text.libgcc   0x0000597c       0x44 c:/users/mahmo/downloads/nti_rtos_course/sdk_win_64/sdk_win_64/winavr/bin/../lib/gcc/avr/4.3.3/avr5\libgcc.a(_udivmodsi4.o)
                0x0000597c                __udivmodsi4
 .text.libgcc   0x000059c0       0x38 c:/users/mahmo/downloads/nti_rtos_course/sdk_win_64/sdk_win_64/winavr/bin/../lib/gcc/avr/4.3.3/avr5\libgcc.a(_prologue.o)
                0x000059c0                __prologue_saves__
 .text.libgcc   0x000059f8       0x36 c:/users/mahmo/downloads/nti_rtos_course/sdk_win_64/sdk_win_64/winavr/bin/../lib/gcc/avr/4.3.3/avr5\libgcc.a(_epilogue.o)
                0x000059f8                __epilogue_restores__
 .text.avr-libc
                0x00005a2e       0x3c c:/users/mahmo/downloads/nti_rtos_course/sdk_win_64/sdk_win_64/winavr/bin/../lib/gcc/avr/4.3.3/../../../../avr/lib/avr5\libc.a(atoi.o)
                0x00005a2e                atoi
 .text.avr-libc
                0x00005a6a       0x12 c:/users/mahmo/downloads/nti_rtos_course/sdk_win_64/sdk_win_64/winavr/bin/../lib/gcc/avr/4.3.3/../../../../avr/lib/avr5\libc.a(memcpy.o)
                0x00005a6a                memcpy
 .text.avr-libc
                0x00005a7c        0xe c:/users/mahmo/downloads/nti_rtos_course/sdk_win_64/sdk_win_64/winavr/bin/../lib/gcc/avr/4.3.3/../../../../avr/lib/avr5\libc.a(memset.o)
                0x00005a7c                memset
 .text.avr-libc
                0x00005a8a       0x12 c:/users/mahmo/downloads/nti_rtos_course/sdk_win_64/sdk_win_64/winavr/bin/../lib/gcc/avr/4.3.3/../../../../avr/lib/avr5\libc.a(strlen.o)
                0x00005a8a                strlen
 .text.avr-libc
                0x00005a9c       0x1e c:/users/mahmo/downloads/nti_rtos_course/sdk_win_64/sdk_win_64/winavr/bin/../lib/gcc/avr/4.3.3/../../../../avr/lib/avr5\libc.a(strncpy.o)
                0x00005a9c                strncpy
 .text.avr-libc
                0x00005aba       0x10 c:/users/mahmo/downloads/nti_rtos_course/sdk_win_64/sdk_win_64/winavr/bin/../lib/gcc/avr/4.3.3/../../../../avr/lib/avr5\libc.a(mul10.o)
                0x00005aba                __mulhi_const_10
                0x00005aca                . = ALIGN (0x2)
 *(.fini9)
 .fini9         0x00005aca        0x0 c:/users/mahmo/downloads/nti_rtos_course/sdk_win_64/sdk_win_64/winavr/bin/../lib/gcc/avr/4.3.3/avr5\libgcc.a(_exit.o)
                0x00005aca                exit
                0x00005aca                _exit
 *(.fini9)
 *(.fini8)
 *(.fini8)
 *(.fini7)
 *(.fini7)
 *(.fini6)
 *(.fini6)
 *(.fini5)
 *(.fini5)
 *(.fini4)
 *(.fini4)
 *(.fini3)
 *(.fini3)
 *(.fini2)
 *(.fini2)
 *(.fini1)
 *(.fini1)
 *(.fini0)
 .fini0         0x00005aca        0x4 c:/users/mahmo/downloads/nti_rtos_course/sdk_win_64/sdk_win_64/winavr/bin/../lib/gcc/avr/4.3.3/avr5\libgcc.a(_exit.o)
 *(.fini0)
                0x00005ace                _etext = .

.data           0x00800060      0x172 load address 0x00005ace
                0x00800060                PROVIDE (__data_start, .)
 *(.data)
 .data          0x00800060        0x0 c:/users/mahmo/downloads/nti_rtos_course/sdk_win_64/sdk_win_64/winavr/bin/../lib/gcc/avr/4.3.3/../../../../avr/lib/avr5/crtm32.o
 .data          0x00800060        0x0 ./LCD/LCD_prog.o
 .data          0x00800060        0x0 ./Keypad/Keypad_prog.o
 .data          0x00800060        0x0 ./GIE/GIE_prog.o
 .data          0x00800060        0x0 ./FreeRTOS/croutine.o
 .data          0x00800060        0x0 ./FreeRTOS/heap_1.o
 .data          0x00800060        0x0 ./FreeRTOS/list.o
 .data          0x00800060        0x0 ./FreeRTOS/port.o
 .data          0x00800060        0x0 ./FreeRTOS/queue.o
 .data          0x00800060        0x5 ./FreeRTOS/tasks.o
 .data          0x00800065        0x0 ./FreeRTOS/timers.o
 .data          0x00800065        0x0 ./DIO/DIO_prog.o
 .data          0x00800065        0x0 ./ADC/ADC_prog.o
 .data          0x00800065       0x38 ./main.o
 .data          0x0080009d        0x0 c:/users/mahmo/downloads/nti_rtos_course/sdk_win_64/sdk_win_64/winavr/bin/../lib/gcc/avr/4.3.3/avr5\libgcc.a(_mulsi3.o)
 .data          0x0080009d        0x0 c:/users/mahmo/downloads/nti_rtos_course/sdk_win_64/sdk_win_64/winavr/bin/../lib/gcc/avr/4.3.3/avr5\libgcc.a(_divmodsi4.o)
 .data          0x0080009d        0x0 c:/users/mahmo/downloads/nti_rtos_course/sdk_win_64/sdk_win_64/winavr/bin/../lib/gcc/avr/4.3.3/avr5\libgcc.a(_exit.o)
 .data          0x0080009d        0x0 c:/users/mahmo/downloads/nti_rtos_course/sdk_win_64/sdk_win_64/winavr/bin/../lib/gcc/avr/4.3.3/avr5\libgcc.a(_copy_data.o)
 .data          0x0080009d        0x0 c:/users/mahmo/downloads/nti_rtos_course/sdk_win_64/sdk_win_64/winavr/bin/../lib/gcc/avr/4.3.3/avr5\libgcc.a(_clear_bss.o)
 .data          0x0080009d        0x0 c:/users/mahmo/downloads/nti_rtos_course/sdk_win_64/sdk_win_64/winavr/bin/../lib/gcc/avr/4.3.3/avr5\libgcc.a(_fixunssfsi.o)
 .data          0x0080009d        0x0 c:/users/mahmo/downloads/nti_rtos_course/sdk_win_64/sdk_win_64/winavr/bin/../lib/gcc/avr/4.3.3/avr5\libgcc.a(_addsub_sf.o)
 .data          0x0080009d        0x0 c:/users/mahmo/downloads/nti_rtos_course/sdk_win_64/sdk_win_64/winavr/bin/../lib/gcc/avr/4.3.3/avr5\libgcc.a(_mul_sf.o)
 .data          0x0080009d        0x0 c:/users/mahmo/downloads/nti_rtos_course/sdk_win_64/sdk_win_64/winavr/bin/../lib/gcc/avr/4.3.3/avr5\libgcc.a(_div_sf.o)
 .data          0x0080009d        0x0 c:/users/mahmo/downloads/nti_rtos_course/sdk_win_64/sdk_win_64/winavr/bin/../lib/gcc/avr/4.3.3/avr5\libgcc.a(_gt_sf.o)
 .data          0x0080009d        0x0 c:/users/mahmo/downloads/nti_rtos_course/sdk_win_64/sdk_win_64/winavr/bin/../lib/gcc/avr/4.3.3/avr5\libgcc.a(_ge_sf.o)
 .data          0x0080009d        0x0 c:/users/mahmo/downloads/nti_rtos_course/sdk_win_64/sdk_win_64/winavr/bin/../lib/gcc/avr/4.3.3/avr5\libgcc.a(_lt_sf.o)
 .data          0x0080009d        0x0 c:/users/mahmo/downloads/nti_rtos_course/sdk_win_64/sdk_win_64/winavr/bin/../lib/gcc/avr/4.3.3/avr5\libgcc.a(_sf_to_si.o)
 .data          0x0080009d        0x8 c:/users/mahmo/downloads/nti_rtos_course/sdk_win_64/sdk_win_64/winavr/bin/../lib/gcc/avr/4.3.3/avr5\libgcc.a(_thenan_sf.o)
                0x0080009d                __thenan_sf
 .data          0x008000a5        0x0 c:/users/mahmo/downloads/nti_rtos_course/sdk_win_64/sdk_win_64/winavr/bin/../lib/gcc/avr/4.3.3/avr5\libgcc.a(_usi_to_sf.o)
 .data          0x008000a5        0x0 c:/users/mahmo/downloads/nti_rtos_course/sdk_win_64/sdk_win_64/winavr/bin/../lib/gcc/avr/4.3.3/avr5\libgcc.a(_udivmodsi4.o)
 .data          0x008000a5        0x0 c:/users/mahmo/downloads/nti_rtos_course/sdk_win_64/sdk_win_64/winavr/bin/../lib/gcc/avr/4.3.3/avr5\libgcc.a(_prologue.o)
 .data          0x008000a5        0x0 c:/users/mahmo/downloads/nti_rtos_course/sdk_win_64/sdk_win_64/winavr/bin/../lib/gcc/avr/4.3.3/avr5\libgcc.a(_epilogue.o)
 .data          0x008000a5        0x0 c:/users/mahmo/downloads/nti_rtos_course/sdk_win_64/sdk_win_64/winavr/bin/../lib/gcc/avr/4.3.3/avr5\libgcc.a(_clzsi2.o)
 .data          0x008000a5        0x0 c:/users/mahmo/downloads/nti_rtos_course/sdk_win_64/sdk_win_64/winavr/bin/../lib/gcc/avr/4.3.3/avr5\libgcc.a(_pack_sf.o)
 .data          0x008000a5        0x0 c:/users/mahmo/downloads/nti_rtos_course/sdk_win_64/sdk_win_64/winavr/bin/../lib/gcc/avr/4.3.3/avr5\libgcc.a(_unpack_sf.o)
 .data          0x008000a5        0x0 c:/users/mahmo/downloads/nti_rtos_course/sdk_win_64/sdk_win_64/winavr/bin/../lib/gcc/avr/4.3.3/avr5\libgcc.a(_fpcmp_parts_sf.o)
 .data          0x008000a5      0x100 c:/users/mahmo/downloads/nti_rtos_course/sdk_win_64/sdk_win_64/winavr/bin/../lib/gcc/avr/4.3.3/avr5\libgcc.a(_clz.o)
                0x008000a5                __clz_tab
 .data          0x008001a5        0x0 c:/users/mahmo/downloads/nti_rtos_course/sdk_win_64/sdk_win_64/winavr/bin/../lib/gcc/avr/4.3.3/../../../../avr/lib/avr5\libc.a(atoi.o)
 .data          0x008001a5        0x0 c:/users/mahmo/downloads/nti_rtos_course/sdk_win_64/sdk_win_64/winavr/bin/../lib/gcc/avr/4.3.3/../../../../avr/lib/avr5\libc.a(memcpy.o)
 .data          0x008001a5        0x0 c:/users/mahmo/downloads/nti_rtos_course/sdk_win_64/sdk_win_64/winavr/bin/../lib/gcc/avr/4.3.3/../../../../avr/lib/avr5\libc.a(memset.o)
 .data          0x008001a5        0x0 c:/users/mahmo/downloads/nti_rtos_course/sdk_win_64/sdk_win_64/winavr/bin/../lib/gcc/avr/4.3.3/../../../../avr/lib/avr5\libc.a(strlen.o)
 .data          0x008001a5        0x0 c:/users/mahmo/downloads/nti_rtos_course/sdk_win_64/sdk_win_64/winavr/bin/../lib/gcc/avr/4.3.3/../../../../avr/lib/avr5\libc.a(strncpy.o)
 .data          0x008001a5        0x0 c:/users/mahmo/downloads/nti_rtos_course/sdk_win_64/sdk_win_64/winavr/bin/../lib/gcc/avr/4.3.3/../../../../avr/lib/avr5\libc.a(mul10.o)
 *(.data*)
 .data.xNextTaskUnblockTime
                0x008001a5        0x2 ./FreeRTOS/tasks.o
 .data.doorStatus
                0x008001a7        0x4 ./main.o
                0x008001a7                doorStatus
 .data.warning  0x008001ab       0x10 ./main.o
                0x008001ab                warning
 .data.FanState
                0x008001bb        0x4 ./main.o
                0x008001bb                FanState
 .data.current_value
                0x008001bf        0x2 ./main.o
                0x008001bf                current_value
 *(.rodata)
 *(.rodata*)
 .rodata.C.3.1328
                0x008001c1       0x10 ./Keypad/Keypad_prog.o
 *(.gnu.linkonce.d*)
                0x008001d2                . = ALIGN (0x2)
 *fill*         0x008001d1        0x1 00
                0x008001d2                _edata = .
                0x008001d2                PROVIDE (__data_end, .)

.bss            0x008001d2      0x568
                0x008001d2                PROVIDE (__bss_start, .)
 *(.bss)
 .bss           0x008001d2        0x0 c:/users/mahmo/downloads/nti_rtos_course/sdk_win_64/sdk_win_64/winavr/bin/../lib/gcc/avr/4.3.3/../../../../avr/lib/avr5/crtm32.o
 .bss           0x008001d2        0x0 ./LCD/LCD_prog.o
 .bss           0x008001d2        0x0 ./Keypad/Keypad_prog.o
 .bss           0x008001d2        0x0 ./GIE/GIE_prog.o
 .bss           0x008001d2        0x0 ./FreeRTOS/croutine.o
 .bss           0x008001d2        0x0 ./FreeRTOS/heap_1.o
 .bss           0x008001d2        0x0 ./FreeRTOS/list.o
 .bss           0x008001d2        0x0 ./FreeRTOS/port.o
 .bss           0x008001d2        0x0 ./FreeRTOS/queue.o
 .bss           0x008001d2        0x0 ./FreeRTOS/tasks.o
 .bss           0x008001d2        0x0 ./FreeRTOS/timers.o
 .bss           0x008001d2        0x0 ./DIO/DIO_prog.o
 .bss           0x008001d2        0x0 ./ADC/ADC_prog.o
 .bss           0x008001d2        0x0 ./main.o
 .bss           0x008001d2        0x0 c:/users/mahmo/downloads/nti_rtos_course/sdk_win_64/sdk_win_64/winavr/bin/../lib/gcc/avr/4.3.3/avr5\libgcc.a(_mulsi3.o)
 .bss           0x008001d2        0x0 c:/users/mahmo/downloads/nti_rtos_course/sdk_win_64/sdk_win_64/winavr/bin/../lib/gcc/avr/4.3.3/avr5\libgcc.a(_divmodsi4.o)
 .bss           0x008001d2        0x0 c:/users/mahmo/downloads/nti_rtos_course/sdk_win_64/sdk_win_64/winavr/bin/../lib/gcc/avr/4.3.3/avr5\libgcc.a(_exit.o)
 .bss           0x008001d2        0x0 c:/users/mahmo/downloads/nti_rtos_course/sdk_win_64/sdk_win_64/winavr/bin/../lib/gcc/avr/4.3.3/avr5\libgcc.a(_copy_data.o)
 .bss           0x008001d2        0x0 c:/users/mahmo/downloads/nti_rtos_course/sdk_win_64/sdk_win_64/winavr/bin/../lib/gcc/avr/4.3.3/avr5\libgcc.a(_clear_bss.o)
 .bss           0x008001d2        0x0 c:/users/mahmo/downloads/nti_rtos_course/sdk_win_64/sdk_win_64/winavr/bin/../lib/gcc/avr/4.3.3/avr5\libgcc.a(_fixunssfsi.o)
 .bss           0x008001d2        0x0 c:/users/mahmo/downloads/nti_rtos_course/sdk_win_64/sdk_win_64/winavr/bin/../lib/gcc/avr/4.3.3/avr5\libgcc.a(_addsub_sf.o)
 .bss           0x008001d2        0x0 c:/users/mahmo/downloads/nti_rtos_course/sdk_win_64/sdk_win_64/winavr/bin/../lib/gcc/avr/4.3.3/avr5\libgcc.a(_mul_sf.o)
 .bss           0x008001d2        0x0 c:/users/mahmo/downloads/nti_rtos_course/sdk_win_64/sdk_win_64/winavr/bin/../lib/gcc/avr/4.3.3/avr5\libgcc.a(_div_sf.o)
 .bss           0x008001d2        0x0 c:/users/mahmo/downloads/nti_rtos_course/sdk_win_64/sdk_win_64/winavr/bin/../lib/gcc/avr/4.3.3/avr5\libgcc.a(_gt_sf.o)
 .bss           0x008001d2        0x0 c:/users/mahmo/downloads/nti_rtos_course/sdk_win_64/sdk_win_64/winavr/bin/../lib/gcc/avr/4.3.3/avr5\libgcc.a(_ge_sf.o)
 .bss           0x008001d2        0x0 c:/users/mahmo/downloads/nti_rtos_course/sdk_win_64/sdk_win_64/winavr/bin/../lib/gcc/avr/4.3.3/avr5\libgcc.a(_lt_sf.o)
 .bss           0x008001d2        0x0 c:/users/mahmo/downloads/nti_rtos_course/sdk_win_64/sdk_win_64/winavr/bin/../lib/gcc/avr/4.3.3/avr5\libgcc.a(_sf_to_si.o)
 .bss           0x008001d2        0x0 c:/users/mahmo/downloads/nti_rtos_course/sdk_win_64/sdk_win_64/winavr/bin/../lib/gcc/avr/4.3.3/avr5\libgcc.a(_thenan_sf.o)
 .bss           0x008001d2        0x0 c:/users/mahmo/downloads/nti_rtos_course/sdk_win_64/sdk_win_64/winavr/bin/../lib/gcc/avr/4.3.3/avr5\libgcc.a(_usi_to_sf.o)
 .bss           0x008001d2        0x0 c:/users/mahmo/downloads/nti_rtos_course/sdk_win_64/sdk_win_64/winavr/bin/../lib/gcc/avr/4.3.3/avr5\libgcc.a(_udivmodsi4.o)
 .bss           0x008001d2        0x0 c:/users/mahmo/downloads/nti_rtos_course/sdk_win_64/sdk_win_64/winavr/bin/../lib/gcc/avr/4.3.3/avr5\libgcc.a(_prologue.o)
 .bss           0x008001d2        0x0 c:/users/mahmo/downloads/nti_rtos_course/sdk_win_64/sdk_win_64/winavr/bin/../lib/gcc/avr/4.3.3/avr5\libgcc.a(_epilogue.o)
 .bss           0x008001d2        0x0 c:/users/mahmo/downloads/nti_rtos_course/sdk_win_64/sdk_win_64/winavr/bin/../lib/gcc/avr/4.3.3/avr5\libgcc.a(_clzsi2.o)
 .bss           0x008001d2        0x0 c:/users/mahmo/downloads/nti_rtos_course/sdk_win_64/sdk_win_64/winavr/bin/../lib/gcc/avr/4.3.3/avr5\libgcc.a(_pack_sf.o)
 .bss           0x008001d2        0x0 c:/users/mahmo/downloads/nti_rtos_course/sdk_win_64/sdk_win_64/winavr/bin/../lib/gcc/avr/4.3.3/avr5\libgcc.a(_unpack_sf.o)
 .bss           0x008001d2        0x0 c:/users/mahmo/downloads/nti_rtos_course/sdk_win_64/sdk_win_64/winavr/bin/../lib/gcc/avr/4.3.3/avr5\libgcc.a(_fpcmp_parts_sf.o)
 .bss           0x008001d2        0x0 c:/users/mahmo/downloads/nti_rtos_course/sdk_win_64/sdk_win_64/winavr/bin/../lib/gcc/avr/4.3.3/avr5\libgcc.a(_clz.o)
 .bss           0x008001d2        0x0 c:/users/mahmo/downloads/nti_rtos_course/sdk_win_64/sdk_win_64/winavr/bin/../lib/gcc/avr/4.3.3/../../../../avr/lib/avr5\libc.a(atoi.o)
 .bss           0x008001d2        0x0 c:/users/mahmo/downloads/nti_rtos_course/sdk_win_64/sdk_win_64/winavr/bin/../lib/gcc/avr/4.3.3/../../../../avr/lib/avr5\libc.a(memcpy.o)
 .bss           0x008001d2        0x0 c:/users/mahmo/downloads/nti_rtos_course/sdk_win_64/sdk_win_64/winavr/bin/../lib/gcc/avr/4.3.3/../../../../avr/lib/avr5\libc.a(memset.o)
 .bss           0x008001d2        0x0 c:/users/mahmo/downloads/nti_rtos_course/sdk_win_64/sdk_win_64/winavr/bin/../lib/gcc/avr/4.3.3/../../../../avr/lib/avr5\libc.a(strlen.o)
 .bss           0x008001d2        0x0 c:/users/mahmo/downloads/nti_rtos_course/sdk_win_64/sdk_win_64/winavr/bin/../lib/gcc/avr/4.3.3/../../../../avr/lib/avr5\libc.a(strncpy.o)
 .bss           0x008001d2        0x0 c:/users/mahmo/downloads/nti_rtos_course/sdk_win_64/sdk_win_64/winavr/bin/../lib/gcc/avr/4.3.3/../../../../avr/lib/avr5\libc.a(mul10.o)
 *(.bss*)
 .bss.pxCurrentCoRoutine
                0x008001d2        0x2 ./FreeRTOS/croutine.o
                0x008001d2                pxCurrentCoRoutine
 .bss.uxTopCoRoutineReadyPriority
                0x008001d4        0x1 ./FreeRTOS/croutine.o
 .bss.xCoRoutineTickCount
                0x008001d5        0x2 ./FreeRTOS/croutine.o
 .bss.xLastTickCount
                0x008001d7        0x2 ./FreeRTOS/croutine.o
 .bss.xPassedTicks
                0x008001d9        0x2 ./FreeRTOS/croutine.o
 .bss.pxReadyCoRoutineLists
                0x008001db       0x12 ./FreeRTOS/croutine.o
 .bss.xDelayedCoRoutineList1
                0x008001ed        0x9 ./FreeRTOS/croutine.o
 .bss.xDelayedCoRoutineList2
                0x008001f6        0x9 ./FreeRTOS/croutine.o
 .bss.pxDelayedCoRoutineList
                0x008001ff        0x2 ./FreeRTOS/croutine.o
 .bss.pxOverflowDelayedCoRoutineList
                0x00800201        0x2 ./FreeRTOS/croutine.o
 .bss.xPendingReadyCoRoutineList
                0x00800203        0x9 ./FreeRTOS/croutine.o
 .bss.xNextFreeByte
                0x0080020c        0x2 ./FreeRTOS/heap_1.o
 .bss.xHeap     0x0080020e      0x4b0 ./FreeRTOS/heap_1.o
 .bss.pxCurrentTCB
                0x008006be        0x2 ./FreeRTOS/tasks.o
                0x008006be                pxCurrentTCB
 .bss.uxTasksDeleted
                0x008006c0        0x1 ./FreeRTOS/tasks.o
 .bss.uxCurrentNumberOfTasks
                0x008006c1        0x1 ./FreeRTOS/tasks.o
 .bss.xTickCount
                0x008006c2        0x2 ./FreeRTOS/tasks.o
 .bss.uxTopUsedPriority
                0x008006c4        0x1 ./FreeRTOS/tasks.o
 .bss.uxTopReadyPriority
                0x008006c5        0x1 ./FreeRTOS/tasks.o
 .bss.xSchedulerRunning
                0x008006c6        0x1 ./FreeRTOS/tasks.o
 .bss.uxSchedulerSuspended
                0x008006c7        0x1 ./FreeRTOS/tasks.o
 .bss.uxMissedTicks
                0x008006c8        0x1 ./FreeRTOS/tasks.o
 .bss.xMissedYield
                0x008006c9        0x1 ./FreeRTOS/tasks.o
 .bss.xNumOfOverflows
                0x008006ca        0x1 ./FreeRTOS/tasks.o
 .bss.uxTaskNumber
                0x008006cb        0x1 ./FreeRTOS/tasks.o
 .bss.pxReadyTasksLists
                0x008006cc       0x2d ./FreeRTOS/tasks.o
 .bss.xDelayedTaskList1
                0x008006f9        0x9 ./FreeRTOS/tasks.o
 .bss.xDelayedTaskList2
                0x00800702        0x9 ./FreeRTOS/tasks.o
 .bss.pxDelayedTaskList
                0x0080070b        0x2 ./FreeRTOS/tasks.o
 .bss.pxOverflowDelayedTaskList
                0x0080070d        0x2 ./FreeRTOS/tasks.o
 .bss.xPendingReadyList
                0x0080070f        0x9 ./FreeRTOS/tasks.o
 .bss.xTasksWaitingTermination
                0x00800718        0x9 ./FreeRTOS/tasks.o
 .bss.xSuspendedTaskList
                0x00800721        0x9 ./FreeRTOS/tasks.o
 .bss.ADC_pfunISRFun
                0x0080072a        0x2 ./ADC/ADC_prog.o
 .bss.pass      0x0080072c        0x2 ./main.o
                0x0080072c                pass
 .bss.Digital   0x0080072e        0x4 ./main.o
                0x0080072e                Digital
 .bss.Temp      0x00800732        0x2 ./main.o
                0x00800732                Temp
 .bss.Gas       0x00800734        0x2 ./main.o
                0x00800734                Gas
 *(COMMON)
 COMMON         0x00800736        0x4 ./main.o
                0x00800736                LCD_semphr
                0x00800738                ADC_semphr
                0x0080073a                PROVIDE (__bss_end, .)
                0x00005ace                __data_load_start = LOADADDR (.data)
                0x00005c40                __data_load_end = (__data_load_start + SIZEOF (.data))

.noinit         0x0080073a        0x0
                0x0080073a                PROVIDE (__noinit_start, .)
 *(.noinit*)
                0x0080073a                PROVIDE (__noinit_end, .)
                0x0080073a                _end = .
                0x0080073a                PROVIDE (__heap_start, .)

.eeprom         0x00810000        0x0
 *(.eeprom*)
                0x00810000                __eeprom_end = .

.fuse
 *(.fuse)
 *(.lfuse)
 *(.hfuse)
 *(.efuse)

.lock
 *(.lock*)

.signature
 *(.signature*)

.stab           0x00000000     0x75a8
 *(.stab)
 .stab          0x00000000      0xe94 ./LCD/LCD_prog.o
 .stab          0x00000e94      0x594 ./Keypad/Keypad_prog.o
                                0x720 (size before relaxing)
 .stab          0x00001428      0x240 ./GIE/GIE_prog.o
                                0x24c (size before relaxing)
 .stab          0x00001668      0x9b4 ./FreeRTOS/croutine.o
                                0xb40 (size before relaxing)
 .stab          0x0000201c      0x354 ./FreeRTOS/heap_1.o
                                0x624 (size before relaxing)
 .stab          0x00002370      0x474 ./FreeRTOS/list.o
                                0x750 (size before relaxing)
 .stab          0x000027e4      0x840 ./FreeRTOS/port.o
                                0xb70 (size before relaxing)
 .stab          0x00003024     0x108c ./FreeRTOS/queue.o
                               0x13c8 (size before relaxing)
 .stab          0x000040b0     0x1ad0 ./FreeRTOS/tasks.o
                               0x1d28 (size before relaxing)
 .stab          0x00005b80      0x1c8 ./FreeRTOS/timers.o
                                0x4c8 (size before relaxing)
 .stab          0x00005d48      0x600 ./DIO/DIO_prog.o
                                0x60c (size before relaxing)
 .stab          0x00006348      0x7f8 ./ADC/ADC_prog.o
                                0x804 (size before relaxing)
 .stab          0x00006b40      0xa68 ./main.o
                                0xdc8 (size before relaxing)

.stabstr        0x00000000     0x39be
 *(.stabstr)
 .stabstr       0x00000000     0x39be ./LCD/LCD_prog.o

.stab.excl
 *(.stab.excl)

.stab.exclstr
 *(.stab.exclstr)

.stab.index
 *(.stab.index)

.stab.indexstr
 *(.stab.indexstr)

.comment
 *(.comment)

.debug
 *(.debug)

.line
 *(.line)

.debug_srcinfo
 *(.debug_srcinfo)

.debug_sfnames
 *(.debug_sfnames)

.debug_aranges  0x00000000      0x1a0
 *(.debug_aranges)
 .debug_aranges
                0x00000000       0x20 c:/users/mahmo/downloads/nti_rtos_course/sdk_win_64/sdk_win_64/winavr/bin/../lib/gcc/avr/4.3.3/avr5\libgcc.a(_fixunssfsi.o)
 .debug_aranges
                0x00000020       0x20 c:/users/mahmo/downloads/nti_rtos_course/sdk_win_64/sdk_win_64/winavr/bin/../lib/gcc/avr/4.3.3/avr5\libgcc.a(_addsub_sf.o)
 .debug_aranges
                0x00000040       0x20 c:/users/mahmo/downloads/nti_rtos_course/sdk_win_64/sdk_win_64/winavr/bin/../lib/gcc/avr/4.3.3/avr5\libgcc.a(_mul_sf.o)
 .debug_aranges
                0x00000060       0x20 c:/users/mahmo/downloads/nti_rtos_course/sdk_win_64/sdk_win_64/winavr/bin/../lib/gcc/avr/4.3.3/avr5\libgcc.a(_div_sf.o)
 .debug_aranges
                0x00000080       0x20 c:/users/mahmo/downloads/nti_rtos_course/sdk_win_64/sdk_win_64/winavr/bin/../lib/gcc/avr/4.3.3/avr5\libgcc.a(_gt_sf.o)
 .debug_aranges
                0x000000a0       0x20 c:/users/mahmo/downloads/nti_rtos_course/sdk_win_64/sdk_win_64/winavr/bin/../lib/gcc/avr/4.3.3/avr5\libgcc.a(_ge_sf.o)
 .debug_aranges
                0x000000c0       0x20 c:/users/mahmo/downloads/nti_rtos_course/sdk_win_64/sdk_win_64/winavr/bin/../lib/gcc/avr/4.3.3/avr5\libgcc.a(_lt_sf.o)
 .debug_aranges
                0x000000e0       0x20 c:/users/mahmo/downloads/nti_rtos_course/sdk_win_64/sdk_win_64/winavr/bin/../lib/gcc/avr/4.3.3/avr5\libgcc.a(_sf_to_si.o)
 .debug_aranges
                0x00000100       0x20 c:/users/mahmo/downloads/nti_rtos_course/sdk_win_64/sdk_win_64/winavr/bin/../lib/gcc/avr/4.3.3/avr5\libgcc.a(_usi_to_sf.o)
 .debug_aranges
                0x00000120       0x20 c:/users/mahmo/downloads/nti_rtos_course/sdk_win_64/sdk_win_64/winavr/bin/../lib/gcc/avr/4.3.3/avr5\libgcc.a(_clzsi2.o)
 .debug_aranges
                0x00000140       0x20 c:/users/mahmo/downloads/nti_rtos_course/sdk_win_64/sdk_win_64/winavr/bin/../lib/gcc/avr/4.3.3/avr5\libgcc.a(_pack_sf.o)
 .debug_aranges
                0x00000160       0x20 c:/users/mahmo/downloads/nti_rtos_course/sdk_win_64/sdk_win_64/winavr/bin/../lib/gcc/avr/4.3.3/avr5\libgcc.a(_unpack_sf.o)
 .debug_aranges
                0x00000180       0x20 c:/users/mahmo/downloads/nti_rtos_course/sdk_win_64/sdk_win_64/winavr/bin/../lib/gcc/avr/4.3.3/avr5\libgcc.a(_fpcmp_parts_sf.o)

.debug_pubnames
                0x00000000      0x1f2
 *(.debug_pubnames)
 .debug_pubnames
                0x00000000       0x23 c:/users/mahmo/downloads/nti_rtos_course/sdk_win_64/sdk_win_64/winavr/bin/../lib/gcc/avr/4.3.3/avr5\libgcc.a(_fixunssfsi.o)
 .debug_pubnames
                0x00000023       0x2c c:/users/mahmo/downloads/nti_rtos_course/sdk_win_64/sdk_win_64/winavr/bin/../lib/gcc/avr/4.3.3/avr5\libgcc.a(_addsub_sf.o)
 .debug_pubnames
                0x0000004f       0x1f c:/users/mahmo/downloads/nti_rtos_course/sdk_win_64/sdk_win_64/winavr/bin/../lib/gcc/avr/4.3.3/avr5\libgcc.a(_mul_sf.o)
 .debug_pubnames
                0x0000006e       0x1f c:/users/mahmo/downloads/nti_rtos_course/sdk_win_64/sdk_win_64/winavr/bin/../lib/gcc/avr/4.3.3/avr5\libgcc.a(_div_sf.o)
 .debug_pubnames
                0x0000008d       0x1e c:/users/mahmo/downloads/nti_rtos_course/sdk_win_64/sdk_win_64/winavr/bin/../lib/gcc/avr/4.3.3/avr5\libgcc.a(_gt_sf.o)
 .debug_pubnames
                0x000000ab       0x1e c:/users/mahmo/downloads/nti_rtos_course/sdk_win_64/sdk_win_64/winavr/bin/../lib/gcc/avr/4.3.3/avr5\libgcc.a(_ge_sf.o)
 .debug_pubnames
                0x000000c9       0x1e c:/users/mahmo/downloads/nti_rtos_course/sdk_win_64/sdk_win_64/winavr/bin/../lib/gcc/avr/4.3.3/avr5\libgcc.a(_lt_sf.o)
 .debug_pubnames
                0x000000e7       0x20 c:/users/mahmo/downloads/nti_rtos_course/sdk_win_64/sdk_win_64/winavr/bin/../lib/gcc/avr/4.3.3/avr5\libgcc.a(_sf_to_si.o)
 .debug_pubnames
                0x00000107       0x22 c:/users/mahmo/downloads/nti_rtos_course/sdk_win_64/sdk_win_64/winavr/bin/../lib/gcc/avr/4.3.3/avr5\libgcc.a(_thenan_sf.o)
 .debug_pubnames
                0x00000129       0x24 c:/users/mahmo/downloads/nti_rtos_course/sdk_win_64/sdk_win_64/winavr/bin/../lib/gcc/avr/4.3.3/avr5\libgcc.a(_usi_to_sf.o)
 .debug_pubnames
                0x0000014d       0x1f c:/users/mahmo/downloads/nti_rtos_course/sdk_win_64/sdk_win_64/winavr/bin/../lib/gcc/avr/4.3.3/avr5\libgcc.a(_clzsi2.o)
 .debug_pubnames
                0x0000016c       0x1f c:/users/mahmo/downloads/nti_rtos_course/sdk_win_64/sdk_win_64/winavr/bin/../lib/gcc/avr/4.3.3/avr5\libgcc.a(_pack_sf.o)
 .debug_pubnames
                0x0000018b       0x21 c:/users/mahmo/downloads/nti_rtos_course/sdk_win_64/sdk_win_64/winavr/bin/../lib/gcc/avr/4.3.3/avr5\libgcc.a(_unpack_sf.o)
 .debug_pubnames
                0x000001ac       0x26 c:/users/mahmo/downloads/nti_rtos_course/sdk_win_64/sdk_win_64/winavr/bin/../lib/gcc/avr/4.3.3/avr5\libgcc.a(_fpcmp_parts_sf.o)
 .debug_pubnames
                0x000001d2       0x20 c:/users/mahmo/downloads/nti_rtos_course/sdk_win_64/sdk_win_64/winavr/bin/../lib/gcc/avr/4.3.3/avr5\libgcc.a(_clz.o)

.debug_info     0x00000000     0x240b
 *(.debug_info)
 .debug_info    0x00000000       0xb1 c:/users/mahmo/downloads/nti_rtos_course/sdk_win_64/sdk_win_64/winavr/bin/../lib/gcc/avr/4.3.3/avr5\libgcc.a(_fixunssfsi.o)
 .debug_info    0x000000b1      0x47a c:/users/mahmo/downloads/nti_rtos_course/sdk_win_64/sdk_win_64/winavr/bin/../lib/gcc/avr/4.3.3/avr5\libgcc.a(_addsub_sf.o)
 .debug_info    0x0000052b      0x485 c:/users/mahmo/downloads/nti_rtos_course/sdk_win_64/sdk_win_64/winavr/bin/../lib/gcc/avr/4.3.3/avr5\libgcc.a(_mul_sf.o)
 .debug_info    0x000009b0      0x3fc c:/users/mahmo/downloads/nti_rtos_course/sdk_win_64/sdk_win_64/winavr/bin/../lib/gcc/avr/4.3.3/avr5\libgcc.a(_div_sf.o)
 .debug_info    0x00000dac      0x27f c:/users/mahmo/downloads/nti_rtos_course/sdk_win_64/sdk_win_64/winavr/bin/../lib/gcc/avr/4.3.3/avr5\libgcc.a(_gt_sf.o)
 .debug_info    0x0000102b      0x27f c:/users/mahmo/downloads/nti_rtos_course/sdk_win_64/sdk_win_64/winavr/bin/../lib/gcc/avr/4.3.3/avr5\libgcc.a(_ge_sf.o)
 .debug_info    0x000012aa      0x27f c:/users/mahmo/downloads/nti_rtos_course/sdk_win_64/sdk_win_64/winavr/bin/../lib/gcc/avr/4.3.3/avr5\libgcc.a(_lt_sf.o)
 .debug_info    0x00001529      0x2b0 c:/users/mahmo/downloads/nti_rtos_course/sdk_win_64/sdk_win_64/winavr/bin/../lib/gcc/avr/4.3.3/avr5\libgcc.a(_sf_to_si.o)
 .debug_info    0x000017d9      0x12c c:/users/mahmo/downloads/nti_rtos_course/sdk_win_64/sdk_win_64/winavr/bin/../lib/gcc/avr/4.3.3/avr5\libgcc.a(_thenan_sf.o)
 .debug_info    0x00001905      0x206 c:/users/mahmo/downloads/nti_rtos_course/sdk_win_64/sdk_win_64/winavr/bin/../lib/gcc/avr/4.3.3/avr5\libgcc.a(_usi_to_sf.o)
 .debug_info    0x00001b0b      0x117 c:/users/mahmo/downloads/nti_rtos_course/sdk_win_64/sdk_win_64/winavr/bin/../lib/gcc/avr/4.3.3/avr5\libgcc.a(_clzsi2.o)
 .debug_info    0x00001c22      0x2df c:/users/mahmo/downloads/nti_rtos_course/sdk_win_64/sdk_win_64/winavr/bin/../lib/gcc/avr/4.3.3/avr5\libgcc.a(_pack_sf.o)
 .debug_info    0x00001f01      0x251 c:/users/mahmo/downloads/nti_rtos_course/sdk_win_64/sdk_win_64/winavr/bin/../lib/gcc/avr/4.3.3/avr5\libgcc.a(_unpack_sf.o)
 .debug_info    0x00002152      0x210 c:/users/mahmo/downloads/nti_rtos_course/sdk_win_64/sdk_win_64/winavr/bin/../lib/gcc/avr/4.3.3/avr5\libgcc.a(_fpcmp_parts_sf.o)
 .debug_info    0x00002362       0xa9 c:/users/mahmo/downloads/nti_rtos_course/sdk_win_64/sdk_win_64/winavr/bin/../lib/gcc/avr/4.3.3/avr5\libgcc.a(_clz.o)
 *(.gnu.linkonce.wi.*)

.debug_abbrev   0x00000000     0x1386
 *(.debug_abbrev)
 .debug_abbrev  0x00000000       0x5d c:/users/mahmo/downloads/nti_rtos_course/sdk_win_64/sdk_win_64/winavr/bin/../lib/gcc/avr/4.3.3/avr5\libgcc.a(_fixunssfsi.o)
 .debug_abbrev  0x0000005d      0x1ea c:/users/mahmo/downloads/nti_rtos_course/sdk_win_64/sdk_win_64/winavr/bin/../lib/gcc/avr/4.3.3/avr5\libgcc.a(_addsub_sf.o)
 .debug_abbrev  0x00000247      0x21b c:/users/mahmo/downloads/nti_rtos_course/sdk_win_64/sdk_win_64/winavr/bin/../lib/gcc/avr/4.3.3/avr5\libgcc.a(_mul_sf.o)
 .debug_abbrev  0x00000462      0x216 c:/users/mahmo/downloads/nti_rtos_course/sdk_win_64/sdk_win_64/winavr/bin/../lib/gcc/avr/4.3.3/avr5\libgcc.a(_div_sf.o)
 .debug_abbrev  0x00000678      0x15a c:/users/mahmo/downloads/nti_rtos_course/sdk_win_64/sdk_win_64/winavr/bin/../lib/gcc/avr/4.3.3/avr5\libgcc.a(_gt_sf.o)
 .debug_abbrev  0x000007d2      0x15a c:/users/mahmo/downloads/nti_rtos_course/sdk_win_64/sdk_win_64/winavr/bin/../lib/gcc/avr/4.3.3/avr5\libgcc.a(_ge_sf.o)
 .debug_abbrev  0x0000092c      0x15a c:/users/mahmo/downloads/nti_rtos_course/sdk_win_64/sdk_win_64/winavr/bin/../lib/gcc/avr/4.3.3/avr5\libgcc.a(_lt_sf.o)
 .debug_abbrev  0x00000a86      0x17f c:/users/mahmo/downloads/nti_rtos_course/sdk_win_64/sdk_win_64/winavr/bin/../lib/gcc/avr/4.3.3/avr5\libgcc.a(_sf_to_si.o)
 .debug_abbrev  0x00000c05       0xad c:/users/mahmo/downloads/nti_rtos_course/sdk_win_64/sdk_win_64/winavr/bin/../lib/gcc/avr/4.3.3/avr5\libgcc.a(_thenan_sf.o)
 .debug_abbrev  0x00000cb2      0x157 c:/users/mahmo/downloads/nti_rtos_course/sdk_win_64/sdk_win_64/winavr/bin/../lib/gcc/avr/4.3.3/avr5\libgcc.a(_usi_to_sf.o)
 .debug_abbrev  0x00000e09       0xc4 c:/users/mahmo/downloads/nti_rtos_course/sdk_win_64/sdk_win_64/winavr/bin/../lib/gcc/avr/4.3.3/avr5\libgcc.a(_clzsi2.o)
 .debug_abbrev  0x00000ecd      0x1c0 c:/users/mahmo/downloads/nti_rtos_course/sdk_win_64/sdk_win_64/winavr/bin/../lib/gcc/avr/4.3.3/avr5\libgcc.a(_pack_sf.o)
 .debug_abbrev  0x0000108d      0x154 c:/users/mahmo/downloads/nti_rtos_course/sdk_win_64/sdk_win_64/winavr/bin/../lib/gcc/avr/4.3.3/avr5\libgcc.a(_unpack_sf.o)
 .debug_abbrev  0x000011e1      0x13b c:/users/mahmo/downloads/nti_rtos_course/sdk_win_64/sdk_win_64/winavr/bin/../lib/gcc/avr/4.3.3/avr5\libgcc.a(_fpcmp_parts_sf.o)
 .debug_abbrev  0x0000131c       0x6a c:/users/mahmo/downloads/nti_rtos_course/sdk_win_64/sdk_win_64/winavr/bin/../lib/gcc/avr/4.3.3/avr5\libgcc.a(_clz.o)

.debug_line     0x00000000     0x11d6
 *(.debug_line)
 .debug_line    0x00000000       0xa7 c:/users/mahmo/downloads/nti_rtos_course/sdk_win_64/sdk_win_64/winavr/bin/../lib/gcc/avr/4.3.3/avr5\libgcc.a(_fixunssfsi.o)
 .debug_line    0x000000a7      0x2af c:/users/mahmo/downloads/nti_rtos_course/sdk_win_64/sdk_win_64/winavr/bin/../lib/gcc/avr/4.3.3/avr5\libgcc.a(_addsub_sf.o)
 .debug_line    0x00000356      0x239 c:/users/mahmo/downloads/nti_rtos_course/sdk_win_64/sdk_win_64/winavr/bin/../lib/gcc/avr/4.3.3/avr5\libgcc.a(_mul_sf.o)
 .debug_line    0x0000058f      0x1d5 c:/users/mahmo/downloads/nti_rtos_course/sdk_win_64/sdk_win_64/winavr/bin/../lib/gcc/avr/4.3.3/avr5\libgcc.a(_div_sf.o)
 .debug_line    0x00000764       0xd3 c:/users/mahmo/downloads/nti_rtos_course/sdk_win_64/sdk_win_64/winavr/bin/../lib/gcc/avr/4.3.3/avr5\libgcc.a(_gt_sf.o)
 .debug_line    0x00000837       0xd3 c:/users/mahmo/downloads/nti_rtos_course/sdk_win_64/sdk_win_64/winavr/bin/../lib/gcc/avr/4.3.3/avr5\libgcc.a(_ge_sf.o)
 .debug_line    0x0000090a       0xd3 c:/users/mahmo/downloads/nti_rtos_course/sdk_win_64/sdk_win_64/winavr/bin/../lib/gcc/avr/4.3.3/avr5\libgcc.a(_lt_sf.o)
 .debug_line    0x000009dd      0x109 c:/users/mahmo/downloads/nti_rtos_course/sdk_win_64/sdk_win_64/winavr/bin/../lib/gcc/avr/4.3.3/avr5\libgcc.a(_sf_to_si.o)
 .debug_line    0x00000ae6       0x90 c:/users/mahmo/downloads/nti_rtos_course/sdk_win_64/sdk_win_64/winavr/bin/../lib/gcc/avr/4.3.3/avr5\libgcc.a(_thenan_sf.o)
 .debug_line    0x00000b76      0x133 c:/users/mahmo/downloads/nti_rtos_course/sdk_win_64/sdk_win_64/winavr/bin/../lib/gcc/avr/4.3.3/avr5\libgcc.a(_usi_to_sf.o)
 .debug_line    0x00000ca9       0xa5 c:/users/mahmo/downloads/nti_rtos_course/sdk_win_64/sdk_win_64/winavr/bin/../lib/gcc/avr/4.3.3/avr5\libgcc.a(_clzsi2.o)
 .debug_line    0x00000d4e      0x18a c:/users/mahmo/downloads/nti_rtos_course/sdk_win_64/sdk_win_64/winavr/bin/../lib/gcc/avr/4.3.3/avr5\libgcc.a(_pack_sf.o)
 .debug_line    0x00000ed8      0x14b c:/users/mahmo/downloads/nti_rtos_course/sdk_win_64/sdk_win_64/winavr/bin/../lib/gcc/avr/4.3.3/avr5\libgcc.a(_unpack_sf.o)
 .debug_line    0x00001023      0x137 c:/users/mahmo/downloads/nti_rtos_course/sdk_win_64/sdk_win_64/winavr/bin/../lib/gcc/avr/4.3.3/avr5\libgcc.a(_fpcmp_parts_sf.o)
 .debug_line    0x0000115a       0x7c c:/users/mahmo/downloads/nti_rtos_course/sdk_win_64/sdk_win_64/winavr/bin/../lib/gcc/avr/4.3.3/avr5\libgcc.a(_clz.o)

.debug_frame    0x00000000      0x1c0
 *(.debug_frame)
 .debug_frame   0x00000000       0x20 c:/users/mahmo/downloads/nti_rtos_course/sdk_win_64/sdk_win_64/winavr/bin/../lib/gcc/avr/4.3.3/avr5\libgcc.a(_fixunssfsi.o)
 .debug_frame   0x00000020       0x40 c:/users/mahmo/downloads/nti_rtos_course/sdk_win_64/sdk_win_64/winavr/bin/../lib/gcc/avr/4.3.3/avr5\libgcc.a(_addsub_sf.o)
 .debug_frame   0x00000060       0x20 c:/users/mahmo/downloads/nti_rtos_course/sdk_win_64/sdk_win_64/winavr/bin/../lib/gcc/avr/4.3.3/avr5\libgcc.a(_mul_sf.o)
 .debug_frame   0x00000080       0x20 c:/users/mahmo/downloads/nti_rtos_course/sdk_win_64/sdk_win_64/winavr/bin/../lib/gcc/avr/4.3.3/avr5\libgcc.a(_div_sf.o)
 .debug_frame   0x000000a0       0x20 c:/users/mahmo/downloads/nti_rtos_course/sdk_win_64/sdk_win_64/winavr/bin/../lib/gcc/avr/4.3.3/avr5\libgcc.a(_gt_sf.o)
 .debug_frame   0x000000c0       0x20 c:/users/mahmo/downloads/nti_rtos_course/sdk_win_64/sdk_win_64/winavr/bin/../lib/gcc/avr/4.3.3/avr5\libgcc.a(_ge_sf.o)
 .debug_frame   0x000000e0       0x20 c:/users/mahmo/downloads/nti_rtos_course/sdk_win_64/sdk_win_64/winavr/bin/../lib/gcc/avr/4.3.3/avr5\libgcc.a(_lt_sf.o)
 .debug_frame   0x00000100       0x20 c:/users/mahmo/downloads/nti_rtos_course/sdk_win_64/sdk_win_64/winavr/bin/../lib/gcc/avr/4.3.3/avr5\libgcc.a(_sf_to_si.o)
 .debug_frame   0x00000120       0x20 c:/users/mahmo/downloads/nti_rtos_course/sdk_win_64/sdk_win_64/winavr/bin/../lib/gcc/avr/4.3.3/avr5\libgcc.a(_usi_to_sf.o)
 .debug_frame   0x00000140       0x20 c:/users/mahmo/downloads/nti_rtos_course/sdk_win_64/sdk_win_64/winavr/bin/../lib/gcc/avr/4.3.3/avr5\libgcc.a(_clzsi2.o)
 .debug_frame   0x00000160       0x20 c:/users/mahmo/downloads/nti_rtos_course/sdk_win_64/sdk_win_64/winavr/bin/../lib/gcc/avr/4.3.3/avr5\libgcc.a(_pack_sf.o)
 .debug_frame   0x00000180       0x20 c:/users/mahmo/downloads/nti_rtos_course/sdk_win_64/sdk_win_64/winavr/bin/../lib/gcc/avr/4.3.3/avr5\libgcc.a(_unpack_sf.o)
 .debug_frame   0x000001a0       0x20 c:/users/mahmo/downloads/nti_rtos_course/sdk_win_64/sdk_win_64/winavr/bin/../lib/gcc/avr/4.3.3/avr5\libgcc.a(_fpcmp_parts_sf.o)

.debug_str      0x00000000      0x2f6
 *(.debug_str)
 .debug_str     0x00000000       0xbf c:/users/mahmo/downloads/nti_rtos_course/sdk_win_64/sdk_win_64/winavr/bin/../lib/gcc/avr/4.3.3/avr5\libgcc.a(_fixunssfsi.o)
                                 0xfe (size before relaxing)
 .debug_str     0x000000bf      0x14d c:/users/mahmo/downloads/nti_rtos_course/sdk_win_64/sdk_win_64/winavr/bin/../lib/gcc/avr/4.3.3/avr5\libgcc.a(_addsub_sf.o)
                                0x206 (size before relaxing)
 .debug_str     0x0000020c       0x27 c:/users/mahmo/downloads/nti_rtos_course/sdk_win_64/sdk_win_64/winavr/bin/../lib/gcc/avr/4.3.3/avr5\libgcc.a(_mul_sf.o)
                                0x1bf (size before relaxing)
 .debug_str     0x00000233       0x35 c:/users/mahmo/downloads/nti_rtos_course/sdk_win_64/sdk_win_64/winavr/bin/../lib/gcc/avr/4.3.3/avr5\libgcc.a(_div_sf.o)
                                0x1c8 (size before relaxing)
 .debug_str     0x00000268        0x8 c:/users/mahmo/downloads/nti_rtos_course/sdk_win_64/sdk_win_64/winavr/bin/../lib/gcc/avr/4.3.3/avr5\libgcc.a(_gt_sf.o)
                                0x195 (size before relaxing)
 .debug_str     0x00000270        0x8 c:/users/mahmo/downloads/nti_rtos_course/sdk_win_64/sdk_win_64/winavr/bin/../lib/gcc/avr/4.3.3/avr5\libgcc.a(_ge_sf.o)
                                0x195 (size before relaxing)
 .debug_str     0x00000278        0x8 c:/users/mahmo/downloads/nti_rtos_course/sdk_win_64/sdk_win_64/winavr/bin/../lib/gcc/avr/4.3.3/avr5\libgcc.a(_lt_sf.o)
                                0x195 (size before relaxing)
 .debug_str     0x00000280        0xa c:/users/mahmo/downloads/nti_rtos_course/sdk_win_64/sdk_win_64/winavr/bin/../lib/gcc/avr/4.3.3/avr5\libgcc.a(_sf_to_si.o)
                                0x19e (size before relaxing)
 .debug_str     0x00000000      0x103 c:/users/mahmo/downloads/nti_rtos_course/sdk_win_64/sdk_win_64/winavr/bin/../lib/gcc/avr/4.3.3/avr5\libgcc.a(_thenan_sf.o)
 .debug_str     0x0000028a       0x21 c:/users/mahmo/downloads/nti_rtos_course/sdk_win_64/sdk_win_64/winavr/bin/../lib/gcc/avr/4.3.3/avr5\libgcc.a(_usi_to_sf.o)
                                0x177 (size before relaxing)
 .debug_str     0x000002ab       0x20 c:/users/mahmo/downloads/nti_rtos_course/sdk_win_64/sdk_win_64/winavr/bin/../lib/gcc/avr/4.3.3/avr5\libgcc.a(_clzsi2.o)
                                0x111 (size before relaxing)
 .debug_str     0x000002cb       0x10 c:/users/mahmo/downloads/nti_rtos_course/sdk_win_64/sdk_win_64/winavr/bin/../lib/gcc/avr/4.3.3/avr5\libgcc.a(_pack_sf.o)
                                0x19d (size before relaxing)
 .debug_str     0x000002db        0xb c:/users/mahmo/downloads/nti_rtos_course/sdk_win_64/sdk_win_64/winavr/bin/../lib/gcc/avr/4.3.3/avr5\libgcc.a(_unpack_sf.o)
                                0x17f (size before relaxing)
 .debug_str     0x000002e6       0x10 c:/users/mahmo/downloads/nti_rtos_course/sdk_win_64/sdk_win_64/winavr/bin/../lib/gcc/avr/4.3.3/avr5\libgcc.a(_fpcmp_parts_sf.o)
                                0x163 (size before relaxing)
 .debug_str     0x00000000       0xf4 c:/users/mahmo/downloads/nti_rtos_course/sdk_win_64/sdk_win_64/winavr/bin/../lib/gcc/avr/4.3.3/avr5\libgcc.a(_clz.o)

.debug_loc      0x00000000      0x96e
 *(.debug_loc)
 .debug_loc     0x00000000       0x34 c:/users/mahmo/downloads/nti_rtos_course/sdk_win_64/sdk_win_64/winavr/bin/../lib/gcc/avr/4.3.3/avr5\libgcc.a(_fixunssfsi.o)
 .debug_loc     0x00000034      0x32a c:/users/mahmo/downloads/nti_rtos_course/sdk_win_64/sdk_win_64/winavr/bin/../lib/gcc/avr/4.3.3/avr5\libgcc.a(_addsub_sf.o)
 .debug_loc     0x0000035e      0x104 c:/users/mahmo/downloads/nti_rtos_course/sdk_win_64/sdk_win_64/winavr/bin/../lib/gcc/avr/4.3.3/avr5\libgcc.a(_mul_sf.o)
 .debug_loc     0x00000462       0xc0 c:/users/mahmo/downloads/nti_rtos_course/sdk_win_64/sdk_win_64/winavr/bin/../lib/gcc/avr/4.3.3/avr5\libgcc.a(_div_sf.o)
 .debug_loc     0x00000522       0x3c c:/users/mahmo/downloads/nti_rtos_course/sdk_win_64/sdk_win_64/winavr/bin/../lib/gcc/avr/4.3.3/avr5\libgcc.a(_gt_sf.o)
 .debug_loc     0x0000055e       0x3c c:/users/mahmo/downloads/nti_rtos_course/sdk_win_64/sdk_win_64/winavr/bin/../lib/gcc/avr/4.3.3/avr5\libgcc.a(_ge_sf.o)
 .debug_loc     0x0000059a       0x3c c:/users/mahmo/downloads/nti_rtos_course/sdk_win_64/sdk_win_64/winavr/bin/../lib/gcc/avr/4.3.3/avr5\libgcc.a(_lt_sf.o)
 .debug_loc     0x000005d6       0x7e c:/users/mahmo/downloads/nti_rtos_course/sdk_win_64/sdk_win_64/winavr/bin/../lib/gcc/avr/4.3.3/avr5\libgcc.a(_sf_to_si.o)
 .debug_loc     0x00000654       0x4c c:/users/mahmo/downloads/nti_rtos_course/sdk_win_64/sdk_win_64/winavr/bin/../lib/gcc/avr/4.3.3/avr5\libgcc.a(_usi_to_sf.o)
 .debug_loc     0x000006a0       0x94 c:/users/mahmo/downloads/nti_rtos_course/sdk_win_64/sdk_win_64/winavr/bin/../lib/gcc/avr/4.3.3/avr5\libgcc.a(_clzsi2.o)
 .debug_loc     0x00000734      0x13e c:/users/mahmo/downloads/nti_rtos_course/sdk_win_64/sdk_win_64/winavr/bin/../lib/gcc/avr/4.3.3/avr5\libgcc.a(_pack_sf.o)
 .debug_loc     0x00000872       0xac c:/users/mahmo/downloads/nti_rtos_course/sdk_win_64/sdk_win_64/winavr/bin/../lib/gcc/avr/4.3.3/avr5\libgcc.a(_unpack_sf.o)
 .debug_loc     0x0000091e       0x50 c:/users/mahmo/downloads/nti_rtos_course/sdk_win_64/sdk_win_64/winavr/bin/../lib/gcc/avr/4.3.3/avr5\libgcc.a(_fpcmp_parts_sf.o)

.debug_macinfo
 *(.debug_macinfo)
OUTPUT(Smart_Home.elf elf32-avr)
LOAD linker stubs

.debug_ranges   0x00000000       0x50
 .debug_ranges  0x00000000       0x50 c:/users/mahmo/downloads/nti_rtos_course/sdk_win_64/sdk_win_64/winavr/bin/../lib/gcc/avr/4.3.3/avr5\libgcc.a(_mul_sf.o)
