Archive member included because of file (symbol)

c:/users/mahmo/downloads/nti_rtos_course/sdk_win_64/sdk_win_64/winavr/bin/../lib/gcc/avr/4.3.3/avr5\libgcc.a(_mulsi3.o)
                              ./main.o (__mulsi3)
c:/users/mahmo/downloads/nti_rtos_course/sdk_win_64/sdk_win_64/winavr/bin/../lib/gcc/avr/4.3.3/avr5\libgcc.a(_divmodsi4.o)
                              ./LCD/LCD_prog.o (__divmodsi4)
c:/users/mahmo/downloads/nti_rtos_course/sdk_win_64/sdk_win_64/winavr/bin/../lib/gcc/avr/4.3.3/avr5\libgcc.a(_exit.o)
                              c:/users/mahmo/downloads/nti_rtos_course/sdk_win_64/sdk_win_64/winavr/bin/../lib/gcc/avr/4.3.3/../../../../avr/lib/avr5/crtm32.o (exit)
c:/users/mahmo/downloads/nti_rtos_course/sdk_win_64/sdk_win_64/winavr/bin/../lib/gcc/avr/4.3.3/avr5\libgcc.a(_copy_data.o)
                              ./Keypad/Keypad_prog.o (__do_copy_data)
c:/users/mahmo/downloads/nti_rtos_course/sdk_win_64/sdk_win_64/winavr/bin/../lib/gcc/avr/4.3.3/avr5\libgcc.a(_clear_bss.o)
                              ./FreeRTOS/croutine.o (__do_clear_bss)
c:/users/mahmo/downloads/nti_rtos_course/sdk_win_64/sdk_win_64/winavr/bin/../lib/gcc/avr/4.3.3/avr5\libgcc.a(_fixunssfsi.o)
                              ./main.o (__fixunssfsi)
c:/users/mahmo/downloads/nti_rtos_course/sdk_win_64/sdk_win_64/winavr/bin/../lib/gcc/avr/4.3.3/avr5\libgcc.a(_addsub_sf.o)
                              c:/users/mahmo/downloads/nti_rtos_course/sdk_win_64/sdk_win_64/winavr/bin/../lib/gcc/avr/4.3.3/avr5\libgcc.a(_fixunssfsi.o) (__subsf3)
c:/users/mahmo/downloads/nti_rtos_course/sdk_win_64/sdk_win_64/winavr/bin/../lib/gcc/avr/4.3.3/avr5\libgcc.a(_mul_sf.o)
                              ./main.o (__mulsf3)
c:/users/mahmo/downloads/nti_rtos_course/sdk_win_64/sdk_win_64/winavr/bin/../lib/gcc/avr/4.3.3/avr5\libgcc.a(_ge_sf.o)
                              c:/users/mahmo/downloads/nti_rtos_course/sdk_win_64/sdk_win_64/winavr/bin/../lib/gcc/avr/4.3.3/avr5\libgcc.a(_fixunssfsi.o) (__gesf2)
c:/users/mahmo/downloads/nti_rtos_course/sdk_win_64/sdk_win_64/winavr/bin/../lib/gcc/avr/4.3.3/avr5\libgcc.a(_sf_to_si.o)
                              c:/users/mahmo/downloads/nti_rtos_course/sdk_win_64/sdk_win_64/winavr/bin/../lib/gcc/avr/4.3.3/avr5\libgcc.a(_fixunssfsi.o) (__fixsfsi)
c:/users/mahmo/downloads/nti_rtos_course/sdk_win_64/sdk_win_64/winavr/bin/../lib/gcc/avr/4.3.3/avr5\libgcc.a(_thenan_sf.o)
                              c:/users/mahmo/downloads/nti_rtos_course/sdk_win_64/sdk_win_64/winavr/bin/../lib/gcc/avr/4.3.3/avr5\libgcc.a(_addsub_sf.o) (__thenan_sf)
c:/users/mahmo/downloads/nti_rtos_course/sdk_win_64/sdk_win_64/winavr/bin/../lib/gcc/avr/4.3.3/avr5\libgcc.a(_usi_to_sf.o)
                              ./main.o (__floatunsisf)
c:/users/mahmo/downloads/nti_rtos_course/sdk_win_64/sdk_win_64/winavr/bin/../lib/gcc/avr/4.3.3/avr5\libgcc.a(_udivmodsi4.o)
                              c:/users/mahmo/downloads/nti_rtos_course/sdk_win_64/sdk_win_64/winavr/bin/../lib/gcc/avr/4.3.3/avr5\libgcc.a(_divmodsi4.o) (__udivmodsi4)
c:/users/mahmo/downloads/nti_rtos_course/sdk_win_64/sdk_win_64/winavr/bin/../lib/gcc/avr/4.3.3/avr5\libgcc.a(_prologue.o)
                              c:/users/mahmo/downloads/nti_rtos_course/sdk_win_64/sdk_win_64/winavr/bin/../lib/gcc/avr/4.3.3/avr5\libgcc.a(_addsub_sf.o) (__prologue_saves__)
c:/users/mahmo/downloads/nti_rtos_course/sdk_win_64/sdk_win_64/winavr/bin/../lib/gcc/avr/4.3.3/avr5\libgcc.a(_epilogue.o)
                              c:/users/mahmo/downloads/nti_rtos_course/sdk_win_64/sdk_win_64/winavr/bin/../lib/gcc/avr/4.3.3/avr5\libgcc.a(_addsub_sf.o) (__epilogue_restores__)
c:/users/mahmo/downloads/nti_rtos_course/sdk_win_64/sdk_win_64/winavr/bin/../lib/gcc/avr/4.3.3/avr5\libgcc.a(_clzsi2.o)
                              c:/users/mahmo/downloads/nti_rtos_course/sdk_win_64/sdk_win_64/winavr/bin/../lib/gcc/avr/4.3.3/avr5\libgcc.a(_usi_to_sf.o) (__clzsi2)
c:/users/mahmo/downloads/nti_rtos_course/sdk_win_64/sdk_win_64/winavr/bin/../lib/gcc/avr/4.3.3/avr5\libgcc.a(_pack_sf.o)
                              c:/users/mahmo/downloads/nti_rtos_course/sdk_win_64/sdk_win_64/winavr/bin/../lib/gcc/avr/4.3.3/avr5\libgcc.a(_addsub_sf.o) (__pack_f)
c:/users/mahmo/downloads/nti_rtos_course/sdk_win_64/sdk_win_64/winavr/bin/../lib/gcc/avr/4.3.3/avr5\libgcc.a(_unpack_sf.o)
                              c:/users/mahmo/downloads/nti_rtos_course/sdk_win_64/sdk_win_64/winavr/bin/../lib/gcc/avr/4.3.3/avr5\libgcc.a(_addsub_sf.o) (__unpack_f)
c:/users/mahmo/downloads/nti_rtos_course/sdk_win_64/sdk_win_64/winavr/bin/../lib/gcc/avr/4.3.3/avr5\libgcc.a(_fpcmp_parts_sf.o)
                              c:/users/mahmo/downloads/nti_rtos_course/sdk_win_64/sdk_win_64/winavr/bin/../lib/gcc/avr/4.3.3/avr5\libgcc.a(_ge_sf.o) (__fpcmp_parts_f)
c:/users/mahmo/downloads/nti_rtos_course/sdk_win_64/sdk_win_64/winavr/bin/../lib/gcc/avr/4.3.3/avr5\libgcc.a(_clz.o)
                              c:/users/mahmo/downloads/nti_rtos_course/sdk_win_64/sdk_win_64/winavr/bin/../lib/gcc/avr/4.3.3/avr5\libgcc.a(_clzsi2.o) (__clz_tab)
c:/users/mahmo/downloads/nti_rtos_course/sdk_win_64/sdk_win_64/winavr/bin/../lib/gcc/avr/4.3.3/../../../../avr/lib/avr5\libc.a(atoi.o)
                              ./main.o (atoi)
c:/users/mahmo/downloads/nti_rtos_course/sdk_win_64/sdk_win_64/winavr/bin/../lib/gcc/avr/4.3.3/../../../../avr/lib/avr5\libc.a(memcpy.o)
                              ./FreeRTOS/queue.o (memcpy)
c:/users/mahmo/downloads/nti_rtos_course/sdk_win_64/sdk_win_64/winavr/bin/../lib/gcc/avr/4.3.3/../../../../avr/lib/avr5\libc.a(memset.o)
                              ./FreeRTOS/tasks.o (memset)
c:/users/mahmo/downloads/nti_rtos_course/sdk_win_64/sdk_win_64/winavr/bin/../lib/gcc/avr/4.3.3/../../../../avr/lib/avr5\libc.a(strcpy.o)
                              ./main.o (strcpy)
c:/users/mahmo/downloads/nti_rtos_course/sdk_win_64/sdk_win_64/winavr/bin/../lib/gcc/avr/4.3.3/../../../../avr/lib/avr5\libc.a(strncpy.o)
                              ./FreeRTOS/tasks.o (strncpy)
c:/users/mahmo/downloads/nti_rtos_course/sdk_win_64/sdk_win_64/winavr/bin/../lib/gcc/avr/4.3.3/../../../../avr/lib/avr5\libc.a(mul10.o)
                              c:/users/mahmo/downloads/nti_rtos_course/sdk_win_64/sdk_win_64/winavr/bin/../lib/gcc/avr/4.3.3/../../../../avr/lib/avr5\libc.a(atoi.o) (__mulhi_const_10)

Allocating common symbols
Common symbol       size              file

LCD_semphr          0x2               ./main.o
ADC_semphr          0x2               ./main.o

Memory Configuration

Name             Origin             Length             Attributes
text             0x00000000         0x00020000         xr
data             0x00800060         0x0000ffa0         rw !x
eeprom           0x00810000         0x00010000         rw !x
fuse             0x00820000         0x00000400         rw !x
lock             0x00830000         0x00000400         rw !x
signature        0x00840000         0x00000400         rw !x
*default*        0x00000000         0xffffffff

Linker script and memory map

LOAD c:/users/mahmo/downloads/nti_rtos_course/sdk_win_64/sdk_win_64/winavr/bin/../lib/gcc/avr/4.3.3/../../../../avr/lib/avr5/crtm32.o
LOAD ./LCD/LCD_prog.o
LOAD ./Keypad/Keypad_prog.o
LOAD ./GIE/GIE_prog.o
LOAD ./FreeRTOS/croutine.o
LOAD ./FreeRTOS/heap_1.o
LOAD ./FreeRTOS/list.o
LOAD ./FreeRTOS/port.o
LOAD ./FreeRTOS/queue.o
LOAD ./FreeRTOS/tasks.o
LOAD ./FreeRTOS/timers.o
LOAD ./DIO/DIO_prog.o
LOAD ./ADC/ADC_prog.o
LOAD ./main.o
LOAD c:/users/mahmo/downloads/nti_rtos_course/sdk_win_64/sdk_win_64/winavr/bin/../lib/gcc/avr/4.3.3/avr5\libgcc.a
LOAD c:/users/mahmo/downloads/nti_rtos_course/sdk_win_64/sdk_win_64/winavr/bin/../lib/gcc/avr/4.3.3/../../../../avr/lib/avr5\libc.a
LOAD c:/users/mahmo/downloads/nti_rtos_course/sdk_win_64/sdk_win_64/winavr/bin/../lib/gcc/avr/4.3.3/avr5\libgcc.a

.hash
 *(.hash)

.dynsym
 *(.dynsym)

.dynstr
 *(.dynstr)

.gnu.version
 *(.gnu.version)

.gnu.version_d
 *(.gnu.version_d)

.gnu.version_r
 *(.gnu.version_r)

.rel.init
 *(.rel.init)

.rela.init
 *(.rela.init)

.rel.text
 *(.rel.text)
 *(.rel.text.*)
 *(.rel.gnu.linkonce.t*)

.rela.text
 *(.rela.text)
 *(.rela.text.*)
 *(.rela.gnu.linkonce.t*)

.rel.fini
 *(.rel.fini)

.rela.fini
 *(.rela.fini)

.rel.rodata
 *(.rel.rodata)
 *(.rel.rodata.*)
 *(.rel.gnu.linkonce.r*)

.rela.rodata
 *(.rela.rodata)
 *(.rela.rodata.*)
 *(.rela.gnu.linkonce.r*)

.rel.data
 *(.rel.data)
 *(.rel.data.*)
 *(.rel.gnu.linkonce.d*)

.rela.data
 *(.rela.data)
 *(.rela.data.*)
 *(.rela.gnu.linkonce.d*)

.rel.ctors
 *(.rel.ctors)

.rela.ctors
 *(.rela.ctors)

.rel.dtors
 *(.rel.dtors)

.rela.dtors
 *(.rela.dtors)

.rel.got
 *(.rel.got)

.rela.got
 *(.rela.got)

.rel.bss
 *(.rel.bss)

.rela.bss
 *(.rela.bss)

.rel.plt
 *(.rel.plt)

.rela.plt
 *(.rela.plt)

.text           0x00000000     0x36a0
 *(.vectors)
 .vectors       0x00000000       0x54 c:/users/mahmo/downloads/nti_rtos_course/sdk_win_64/sdk_win_64/winavr/bin/../lib/gcc/avr/4.3.3/../../../../avr/lib/avr5/crtm32.o
                0x00000000                __vectors
                0x00000000                __vector_default
 *(.vectors)
 *(.progmem.gcc*)
 *(.progmem*)
                0x00000054                . = ALIGN (0x2)
                0x00000054                __trampolines_start = .
 *(.trampolines)
 .trampolines   0x00000054        0x0 linker stubs
 *(.trampolines*)
                0x00000054                __trampolines_end = .
 *(.jumptables)
 *(.jumptables*)
 *(.lowtext)
 *(.lowtext*)
                0x00000054                __ctors_start = .
 *(.ctors)
                0x00000054                __ctors_end = .
                0x00000054                __dtors_start = .
 *(.dtors)
                0x00000054                __dtors_end = .
 SORT(*)(.ctors)
 SORT(*)(.dtors)
 *(.init0)
 .init0         0x00000054        0x0 c:/users/mahmo/downloads/nti_rtos_course/sdk_win_64/sdk_win_64/winavr/bin/../lib/gcc/avr/4.3.3/../../../../avr/lib/avr5/crtm32.o
                0x00000054                __init
 *(.init0)
 *(.init1)
 *(.init1)
 *(.init2)
 .init2         0x00000054        0xc c:/users/mahmo/downloads/nti_rtos_course/sdk_win_64/sdk_win_64/winavr/bin/../lib/gcc/avr/4.3.3/../../../../avr/lib/avr5/crtm32.o
 *(.init2)
 *(.init3)
 *(.init3)
 *(.init4)
 .init4         0x00000060       0x16 c:/users/mahmo/downloads/nti_rtos_course/sdk_win_64/sdk_win_64/winavr/bin/../lib/gcc/avr/4.3.3/avr5\libgcc.a(_copy_data.o)
                0x00000060                __do_copy_data
 .init4         0x00000076       0x10 c:/users/mahmo/downloads/nti_rtos_course/sdk_win_64/sdk_win_64/winavr/bin/../lib/gcc/avr/4.3.3/avr5\libgcc.a(_clear_bss.o)
                0x00000076                __do_clear_bss
 *(.init4)
 *(.init5)
 *(.init5)
 *(.init6)
 *(.init6)
 *(.init7)
 *(.init7)
 *(.init8)
 *(.init8)
 *(.init9)
 .init9         0x00000086        0x8 c:/users/mahmo/downloads/nti_rtos_course/sdk_win_64/sdk_win_64/winavr/bin/../lib/gcc/avr/4.3.3/../../../../avr/lib/avr5/crtm32.o
 *(.init9)
 *(.text)
 .text          0x0000008e        0x4 c:/users/mahmo/downloads/nti_rtos_course/sdk_win_64/sdk_win_64/winavr/bin/../lib/gcc/avr/4.3.3/../../../../avr/lib/avr5/crtm32.o
                0x0000008e                __vector_1
                0x0000008e                __vector_12
                0x0000008e                __bad_interrupt
                0x0000008e                __vector_6
                0x0000008e                __vector_3
                0x0000008e                __vector_11
                0x0000008e                __vector_13
                0x0000008e                __vector_17
                0x0000008e                __vector_19
                0x0000008e                __vector_5
                0x0000008e                __vector_4
                0x0000008e                __vector_9
                0x0000008e                __vector_2
                0x0000008e                __vector_15
                0x0000008e                __vector_8
                0x0000008e                __vector_14
                0x0000008e                __vector_10
                0x0000008e                __vector_18
                0x0000008e                __vector_20
 .text          0x00000092        0x0 ./LCD/LCD_prog.o
 .text          0x00000092        0x0 ./Keypad/Keypad_prog.o
 .text          0x00000092        0x0 ./GIE/GIE_prog.o
 .text          0x00000092        0x0 ./FreeRTOS/croutine.o
 .text          0x00000092        0x0 ./FreeRTOS/heap_1.o
 .text          0x00000092        0x0 ./FreeRTOS/list.o
 .text          0x00000092        0x0 ./FreeRTOS/port.o
 .text          0x00000092        0x0 ./FreeRTOS/queue.o
 .text          0x00000092        0x0 ./FreeRTOS/tasks.o
 .text          0x00000092        0x0 ./FreeRTOS/timers.o
 .text          0x00000092        0x0 ./DIO/DIO_prog.o
 .text          0x00000092        0x0 ./ADC/ADC_prog.o
 .text          0x00000092        0x0 ./main.o
 .text          0x00000092        0x0 c:/users/mahmo/downloads/nti_rtos_course/sdk_win_64/sdk_win_64/winavr/bin/../lib/gcc/avr/4.3.3/avr5\libgcc.a(_mulsi3.o)
 .text          0x00000092        0x0 c:/users/mahmo/downloads/nti_rtos_course/sdk_win_64/sdk_win_64/winavr/bin/../lib/gcc/avr/4.3.3/avr5\libgcc.a(_divmodsi4.o)
 .text          0x00000092        0x0 c:/users/mahmo/downloads/nti_rtos_course/sdk_win_64/sdk_win_64/winavr/bin/../lib/gcc/avr/4.3.3/avr5\libgcc.a(_exit.o)
 .text          0x00000092        0x0 c:/users/mahmo/downloads/nti_rtos_course/sdk_win_64/sdk_win_64/winavr/bin/../lib/gcc/avr/4.3.3/avr5\libgcc.a(_copy_data.o)
 .text          0x00000092        0x0 c:/users/mahmo/downloads/nti_rtos_course/sdk_win_64/sdk_win_64/winavr/bin/../lib/gcc/avr/4.3.3/avr5\libgcc.a(_clear_bss.o)
 .text          0x00000092       0x58 c:/users/mahmo/downloads/nti_rtos_course/sdk_win_64/sdk_win_64/winavr/bin/../lib/gcc/avr/4.3.3/avr5\libgcc.a(_fixunssfsi.o)
                0x00000092                __fixunssfsi
 .text          0x000000ea      0x354 c:/users/mahmo/downloads/nti_rtos_course/sdk_win_64/sdk_win_64/winavr/bin/../lib/gcc/avr/4.3.3/avr5\libgcc.a(_addsub_sf.o)
                0x00000382                __subsf3
                0x000003e4                __addsf3
 .text          0x0000043e      0x1f4 c:/users/mahmo/downloads/nti_rtos_course/sdk_win_64/sdk_win_64/winavr/bin/../lib/gcc/avr/4.3.3/avr5\libgcc.a(_mul_sf.o)
                0x0000043e                __mulsf3
 .text          0x00000632       0x60 c:/users/mahmo/downloads/nti_rtos_course/sdk_win_64/sdk_win_64/winavr/bin/../lib/gcc/avr/4.3.3/avr5\libgcc.a(_ge_sf.o)
                0x00000632                __gesf2
 .text          0x00000692       0xa8 c:/users/mahmo/downloads/nti_rtos_course/sdk_win_64/sdk_win_64/winavr/bin/../lib/gcc/avr/4.3.3/avr5\libgcc.a(_sf_to_si.o)
                0x00000692                __fixsfsi
 .text          0x0000073a        0x0 c:/users/mahmo/downloads/nti_rtos_course/sdk_win_64/sdk_win_64/winavr/bin/../lib/gcc/avr/4.3.3/avr5\libgcc.a(_thenan_sf.o)
 .text          0x0000073a       0xf2 c:/users/mahmo/downloads/nti_rtos_course/sdk_win_64/sdk_win_64/winavr/bin/../lib/gcc/avr/4.3.3/avr5\libgcc.a(_usi_to_sf.o)
                0x0000073a                __floatunsisf
 .text          0x0000082c        0x0 c:/users/mahmo/downloads/nti_rtos_course/sdk_win_64/sdk_win_64/winavr/bin/../lib/gcc/avr/4.3.3/avr5\libgcc.a(_udivmodsi4.o)
 .text          0x0000082c        0x0 c:/users/mahmo/downloads/nti_rtos_course/sdk_win_64/sdk_win_64/winavr/bin/../lib/gcc/avr/4.3.3/avr5\libgcc.a(_prologue.o)
 .text          0x0000082c        0x0 c:/users/mahmo/downloads/nti_rtos_course/sdk_win_64/sdk_win_64/winavr/bin/../lib/gcc/avr/4.3.3/avr5\libgcc.a(_epilogue.o)
 .text          0x0000082c       0x9e c:/users/mahmo/downloads/nti_rtos_course/sdk_win_64/sdk_win_64/winavr/bin/../lib/gcc/avr/4.3.3/avr5\libgcc.a(_clzsi2.o)
                0x0000082c                __clzsi2
 .text          0x000008ca      0x1aa c:/users/mahmo/downloads/nti_rtos_course/sdk_win_64/sdk_win_64/winavr/bin/../lib/gcc/avr/4.3.3/avr5\libgcc.a(_pack_sf.o)
                0x000008ca                __pack_f
 .text          0x00000a74       0xf0 c:/users/mahmo/downloads/nti_rtos_course/sdk_win_64/sdk_win_64/winavr/bin/../lib/gcc/avr/4.3.3/avr5\libgcc.a(_unpack_sf.o)
                0x00000a74                __unpack_f
 .text          0x00000b64       0xb2 c:/users/mahmo/downloads/nti_rtos_course/sdk_win_64/sdk_win_64/winavr/bin/../lib/gcc/avr/4.3.3/avr5\libgcc.a(_fpcmp_parts_sf.o)
                0x00000b64                __fpcmp_parts_f
 .text          0x00000c16        0x0 c:/users/mahmo/downloads/nti_rtos_course/sdk_win_64/sdk_win_64/winavr/bin/../lib/gcc/avr/4.3.3/avr5\libgcc.a(_clz.o)
 .text          0x00000c16        0x0 c:/users/mahmo/downloads/nti_rtos_course/sdk_win_64/sdk_win_64/winavr/bin/../lib/gcc/avr/4.3.3/../../../../avr/lib/avr5\libc.a(atoi.o)
 .text          0x00000c16        0x0 c:/users/mahmo/downloads/nti_rtos_course/sdk_win_64/sdk_win_64/winavr/bin/../lib/gcc/avr/4.3.3/../../../../avr/lib/avr5\libc.a(memcpy.o)
 .text          0x00000c16        0x0 c:/users/mahmo/downloads/nti_rtos_course/sdk_win_64/sdk_win_64/winavr/bin/../lib/gcc/avr/4.3.3/../../../../avr/lib/avr5\libc.a(memset.o)
 .text          0x00000c16        0x0 c:/users/mahmo/downloads/nti_rtos_course/sdk_win_64/sdk_win_64/winavr/bin/../lib/gcc/avr/4.3.3/../../../../avr/lib/avr5\libc.a(strcpy.o)
 .text          0x00000c16        0x0 c:/users/mahmo/downloads/nti_rtos_course/sdk_win_64/sdk_win_64/winavr/bin/../lib/gcc/avr/4.3.3/../../../../avr/lib/avr5\libc.a(strncpy.o)
 .text          0x00000c16        0x0 c:/users/mahmo/downloads/nti_rtos_course/sdk_win_64/sdk_win_64/winavr/bin/../lib/gcc/avr/4.3.3/../../../../avr/lib/avr5\libc.a(mul10.o)
                0x00000c16                . = ALIGN (0x2)
 *(.text.*)
 .text.LCD_enuWriteNLatch
                0x00000c16       0xea ./LCD/LCD_prog.o
 .text.LCD_enuGoToPosition
                0x00000d00       0x62 ./LCD/LCD_prog.o
                0x00000d00                LCD_enuGoToPosition
 .text.LCD_enuWriteIntegerNum
                0x00000d62      0x10a ./LCD/LCD_prog.o
                0x00000d62                LCD_enuWriteIntegerNum
 .text.LCD_enuWriteString
                0x00000e6c       0x2a ./LCD/LCD_prog.o
                0x00000e6c                LCD_enuWriteString
 .text.LCD_enuWriteCommand
                0x00000e96       0x1a ./LCD/LCD_prog.o
                0x00000e96                LCD_enuWriteCommand
 .text.LCD_enuWriteData
                0x00000eb0       0x1a ./LCD/LCD_prog.o
                0x00000eb0                LCD_enuWriteData
 .text.LCD_enuInit
                0x00000eca       0xf0 ./LCD/LCD_prog.o
                0x00000eca                LCD_enuInit
 .text.Keypad_GetPressedKey
                0x00000fba      0x18a ./Keypad/Keypad_prog.o
                0x00000fba                Keypad_GetPressedKey
 .text.Keypad_enuInit
                0x00001144       0xa4 ./Keypad/Keypad_prog.o
                0x00001144                Keypad_enuInit
 .text.GIE_enuInit
                0x000011e8        0x6 ./GIE/GIE_prog.o
                0x000011e8                GIE_enuInit
 .text.GIE_enuEnable
                0x000011ee        0x6 ./GIE/GIE_prog.o
                0x000011ee                GIE_enuEnable
 .text.GIE_enuDisable
                0x000011f4        0x6 ./GIE/GIE_prog.o
                0x000011f4                GIE_enuDisable
 .text.xCoRoutineRemoveFromEventList
                0x000011fa       0x4e ./FreeRTOS/croutine.o
                0x000011fa                xCoRoutineRemoveFromEventList
 .text.vCoRoutineSchedule
                0x00001248      0x1c0 ./FreeRTOS/croutine.o
                0x00001248                vCoRoutineSchedule
 .text.vCoRoutineAddToDelayedList
                0x00001408       0x7a ./FreeRTOS/croutine.o
                0x00001408                vCoRoutineAddToDelayedList
 .text.xCoRoutineCreate
                0x00001482       0xf4 ./FreeRTOS/croutine.o
                0x00001482                xCoRoutineCreate
 .text.vPortFree
                0x00001576        0x2 ./FreeRTOS/heap_1.o
                0x00001576                vPortFree
 .text.vPortInitialiseBlocks
                0x00001578        0xa ./FreeRTOS/heap_1.o
                0x00001578                vPortInitialiseBlocks
 .text.xPortGetFreeHeapSize
                0x00001582       0x14 ./FreeRTOS/heap_1.o
                0x00001582                xPortGetFreeHeapSize
 .text.pvPortMalloc
                0x00001596       0x4e ./FreeRTOS/heap_1.o
                0x00001596                pvPortMalloc
 .text.vListInitialise
                0x000015e4       0x20 ./FreeRTOS/list.o
                0x000015e4                vListInitialise
 .text.vListInitialiseItem
                0x00001604        0x8 ./FreeRTOS/list.o
                0x00001604                vListInitialiseItem
 .text.vListInsertEnd
                0x0000160c       0x52 ./FreeRTOS/list.o
                0x0000160c                vListInsertEnd
 .text.vListInsert
                0x0000165e       0x6a ./FreeRTOS/list.o
                0x0000165e                vListInsert
 .text.vListRemove
                0x000016c8       0x50 ./FreeRTOS/list.o
                0x000016c8                vListRemove
 .text.pxPortInitialiseStack
                0x00001718       0x90 ./FreeRTOS/port.o
                0x00001718                pxPortInitialiseStack
 .text.xPortStartScheduler
                0x000017a8       0x6a ./FreeRTOS/port.o
                0x000017a8                xPortStartScheduler
 .text.vPortEndScheduler
                0x00001812        0x2 ./FreeRTOS/port.o
                0x00001812                vPortEndScheduler
 .text.vPortYieldFromTick
                0x00001814       0xb6 ./FreeRTOS/port.o
                0x00001814                vPortYieldFromTick
 .text.__vector_7
                0x000018ca        0x6 ./FreeRTOS/port.o
                0x000018ca                __vector_7
 .text.vPortYield
                0x000018d0       0xb2 ./FreeRTOS/port.o
                0x000018d0                vPortYield
 .text.uxQueueMessagesWaiting
                0x00001982       0x10 ./FreeRTOS/queue.o
                0x00001982                uxQueueMessagesWaiting
 .text.uxQueueMessagesWaitingFromISR
                0x00001992        0x6 ./FreeRTOS/queue.o
                0x00001992                uxQueueMessagesWaitingFromISR
 .text.xQueueIsQueueEmptyFromISR
                0x00001998       0x10 ./FreeRTOS/queue.o
                0x00001998                xQueueIsQueueEmptyFromISR
 .text.xQueueIsQueueFullFromISR
                0x000019a8       0x12 ./FreeRTOS/queue.o
                0x000019a8                xQueueIsQueueFullFromISR
 .text.vQueueDelete
                0x000019ba       0x1c ./FreeRTOS/queue.o
                0x000019ba                vQueueDelete
 .text.xQueueReceiveFromISR
                0x000019d6       0x7e ./FreeRTOS/queue.o
                0x000019d6                xQueueReceiveFromISR
 .text.prvUnlockQueue
                0x00001a54       0x80 ./FreeRTOS/queue.o
 .text.xQueueGenericReceive
                0x00001ad4      0x1ca ./FreeRTOS/queue.o
                0x00001ad4                xQueueGenericReceive
 .text.prvCopyDataToQueue
                0x00001c9e       0x98 ./FreeRTOS/queue.o
 .text.xQueueGenericSendFromISR
                0x00001d36       0x50 ./FreeRTOS/queue.o
                0x00001d36                xQueueGenericSendFromISR
 .text.xQueueGenericSend
                0x00001d86      0x148 ./FreeRTOS/queue.o
                0x00001d86                xQueueGenericSend
 .text.xQueueCreateMutex
                0x00001ece       0x58 ./FreeRTOS/queue.o
                0x00001ece                xQueueCreateMutex
 .text.xQueueCreate
                0x00001f26       0xbe ./FreeRTOS/queue.o
                0x00001f26                xQueueCreate
 .text.xQueueCreateCountingSemaphore
                0x00001fe4       0x18 ./FreeRTOS/queue.o
                0x00001fe4                xQueueCreateCountingSemaphore
 .text.xTaskIsTaskSuspended
                0x00001ffc       0x28 ./FreeRTOS/tasks.o
                0x00001ffc                xTaskIsTaskSuspended
 .text.vTaskSuspendAll
                0x00002024        0xc ./FreeRTOS/tasks.o
                0x00002024                vTaskSuspendAll
 .text.xTaskGetTickCount
                0x00002030       0x16 ./FreeRTOS/tasks.o
                0x00002030                xTaskGetTickCount
 .text.xTaskGetTickCountFromISR
                0x00002046        0xc ./FreeRTOS/tasks.o
                0x00002046                xTaskGetTickCountFromISR
 .text.uxTaskGetNumberOfTasks
                0x00002052        0x6 ./FreeRTOS/tasks.o
                0x00002052                uxTaskGetNumberOfTasks
 .text.vTaskSwitchContext
                0x00002058       0x84 ./FreeRTOS/tasks.o
                0x00002058                vTaskSwitchContext
 .text.vTaskSetTimeOutState
                0x000020dc       0x16 ./FreeRTOS/tasks.o
                0x000020dc                vTaskSetTimeOutState
 .text.xTaskCheckForTimeOut
                0x000020f2       0x7c ./FreeRTOS/tasks.o
                0x000020f2                xTaskCheckForTimeOut
 .text.vTaskMissedYield
                0x0000216e        0x8 ./FreeRTOS/tasks.o
                0x0000216e                vTaskMissedYield
 .text.xTaskGetCurrentTaskHandle
                0x00002176        0xc ./FreeRTOS/tasks.o
                0x00002176                xTaskGetCurrentTaskHandle
 .text.vTaskPriorityDisinherit
                0x00002182       0x5a ./FreeRTOS/tasks.o
                0x00002182                vTaskPriorityDisinherit
 .text.vTaskPriorityInherit
                0x000021dc       0x94 ./FreeRTOS/tasks.o
                0x000021dc                vTaskPriorityInherit
 .text.xTaskRemoveFromEventList
                0x00002270       0x7e ./FreeRTOS/tasks.o
                0x00002270                xTaskRemoveFromEventList
 .text.vTaskIncrementTick
                0x000022ee      0x148 ./FreeRTOS/tasks.o
                0x000022ee                vTaskIncrementTick
 .text.xTaskResumeFromISR
                0x00002436       0x9c ./FreeRTOS/tasks.o
                0x00002436                xTaskResumeFromISR
 .text.prvAddCurrentTaskToDelayedList
                0x000024d2       0x6e ./FreeRTOS/tasks.o
 .text.vTaskPlaceOnEventList
                0x00002540       0x58 ./FreeRTOS/tasks.o
                0x00002540                vTaskPlaceOnEventList
 .text.xTaskResumeAll
                0x00002598       0xf6 ./FreeRTOS/tasks.o
                0x00002598                xTaskResumeAll
 .text.vTaskResume
                0x0000268e       0x92 ./FreeRTOS/tasks.o
                0x0000268e                vTaskResume
 .text.vTaskSuspend
                0x00002720       0xa2 ./FreeRTOS/tasks.o
                0x00002720                vTaskSuspend
 .text.vTaskDelay
                0x000027c2       0x4e ./FreeRTOS/tasks.o
                0x000027c2                vTaskDelay
 .text.vTaskDelayUntil
                0x00002810       0x78 ./FreeRTOS/tasks.o
                0x00002810                vTaskDelayUntil
 .text.vTaskDelete
                0x00002888       0x9a ./FreeRTOS/tasks.o
                0x00002888                vTaskDelete
 .text.vTaskEndScheduler
                0x00002922        0xc ./FreeRTOS/tasks.o
                0x00002922                vTaskEndScheduler
 .text.prvIdleTask
                0x0000292e       0x66 ./FreeRTOS/tasks.o
 .text.xTaskGenericCreate
                0x00002994      0x208 ./FreeRTOS/tasks.o
                0x00002994                xTaskGenericCreate
 .text.vTaskStartScheduler
                0x00002b9c       0x56 ./FreeRTOS/tasks.o
                0x00002b9c                vTaskStartScheduler
 .text.DIO_enuInit
                0x00002bf2        0xc ./DIO/DIO_prog.o
                0x00002bf2                DIO_enuInit
 .text.DIO_enuSetPinDirection
                0x00002bfe       0xd8 ./DIO/DIO_prog.o
                0x00002bfe                DIO_enuSetPinDirection
 .text.DIO_enuSetPinValue
                0x00002cd6       0xd4 ./DIO/DIO_prog.o
                0x00002cd6                DIO_enuSetPinValue
 .text.DIO_enuTogglePinValue
                0x00002daa       0x78 ./DIO/DIO_prog.o
                0x00002daa                DIO_enuTogglePinValue
 .text.DIO_enuGetPinValue
                0x00002e22       0x4c ./DIO/DIO_prog.o
                0x00002e22                DIO_enuGetPinValue
 .text.ADC_enuInit
                0x00002e6e       0x10 ./ADC/ADC_prog.o
                0x00002e6e                ADC_enuInit
 .text.ADC_enuStartConversion
                0x00002e7e        0x6 ./ADC/ADC_prog.o
                0x00002e7e                ADC_enuStartConversion
 .text.ADC_enuReadHighRegister
                0x00002e84        0xa ./ADC/ADC_prog.o
                0x00002e84                ADC_enuReadHighRegister
 .text.ADC_enuRead
                0x00002e8e       0x26 ./ADC/ADC_prog.o
                0x00002e8e                ADC_enuRead
 .text.ADC_enuCallBack
                0x00002eb4       0x10 ./ADC/ADC_prog.o
                0x00002eb4                ADC_enuCallBack
 .text.ADC_enuSelectChannel
                0x00002ec4       0x12 ./ADC/ADC_prog.o
                0x00002ec4                ADC_enuSelectChannel
 .text.ADC_enuEnableAutoTrigger
                0x00002ed6       0x1e ./ADC/ADC_prog.o
                0x00002ed6                ADC_enuEnableAutoTrigger
 .text.ADC_enuDisableAutoTrigger
                0x00002ef4        0x6 ./ADC/ADC_prog.o
                0x00002ef4                ADC_enuDisableAutoTrigger
 .text.ADC_enuPolling
                0x00002efa        0x8 ./ADC/ADC_prog.o
                0x00002efa                ADC_enuPolling
 .text.ADC_enuClearFlag
                0x00002f02        0x6 ./ADC/ADC_prog.o
                0x00002f02                ADC_enuClearFlag
 .text.ADC_enuEnableADC
                0x00002f08        0x6 ./ADC/ADC_prog.o
                0x00002f08                ADC_enuEnableADC
 .text.ADC_enuDisableADC
                0x00002f0e        0x6 ./ADC/ADC_prog.o
                0x00002f0e                ADC_enuDisableADC
 .text.ADC_enuEnableADC_INT
                0x00002f14        0x6 ./ADC/ADC_prog.o
                0x00002f14                ADC_enuEnableADC_INT
 .text.ADC_enuDisableADC_INT
                0x00002f1a        0x6 ./ADC/ADC_prog.o
                0x00002f1a                ADC_enuDisableADC_INT
 .text.__vector_16
                0x00002f20       0x52 ./ADC/ADC_prog.o
                0x00002f20                __vector_16
 .text.Fan      0x00002f72       0x40 ./main.o
                0x00002f72                Fan
 .text.ReadTemp
                0x00002fb2       0x66 ./main.o
                0x00002fb2                ReadTemp
 .text.Door_Action
                0x00003018       0x94 ./main.o
                0x00003018                Door_Action
 .text.adc_isr  0x000030ac       0x18 ./main.o
                0x000030ac                adc_isr
 .text.ADC_Read
                0x000030c4       0x52 ./main.o
                0x000030c4                ADC_Read
 .text.KeyPad   0x00003116      0x102 ./main.o
                0x00003116                KeyPad
 .text.LCD      0x00003218      0x184 ./main.o
                0x00003218                LCD
 .text.main     0x0000339c      0x142 ./main.o
                0x0000339c                main
 .text.libgcc   0x000034de       0x3e c:/users/mahmo/downloads/nti_rtos_course/sdk_win_64/sdk_win_64/winavr/bin/../lib/gcc/avr/4.3.3/avr5\libgcc.a(_mulsi3.o)
                0x000034de                __mulsi3
 .text.libgcc   0x0000351c       0x36 c:/users/mahmo/downloads/nti_rtos_course/sdk_win_64/sdk_win_64/winavr/bin/../lib/gcc/avr/4.3.3/avr5\libgcc.a(_divmodsi4.o)
                0x0000351c                __divmodsi4
 .text.libgcc   0x00003552        0x0 c:/users/mahmo/downloads/nti_rtos_course/sdk_win_64/sdk_win_64/winavr/bin/../lib/gcc/avr/4.3.3/avr5\libgcc.a(_exit.o)
 .text.libgcc   0x00003552        0x0 c:/users/mahmo/downloads/nti_rtos_course/sdk_win_64/sdk_win_64/winavr/bin/../lib/gcc/avr/4.3.3/avr5\libgcc.a(_copy_data.o)
 .text.libgcc   0x00003552        0x0 c:/users/mahmo/downloads/nti_rtos_course/sdk_win_64/sdk_win_64/winavr/bin/../lib/gcc/avr/4.3.3/avr5\libgcc.a(_clear_bss.o)
 .text.libgcc   0x00003552       0x44 c:/users/mahmo/downloads/nti_rtos_course/sdk_win_64/sdk_win_64/winavr/bin/../lib/gcc/avr/4.3.3/avr5\libgcc.a(_udivmodsi4.o)
                0x00003552                __udivmodsi4
 .text.libgcc   0x00003596       0x38 c:/users/mahmo/downloads/nti_rtos_course/sdk_win_64/sdk_win_64/winavr/bin/../lib/gcc/avr/4.3.3/avr5\libgcc.a(_prologue.o)
                0x00003596                __prologue_saves__
 .text.libgcc   0x000035ce       0x36 c:/users/mahmo/downloads/nti_rtos_course/sdk_win_64/sdk_win_64/winavr/bin/../lib/gcc/avr/4.3.3/avr5\libgcc.a(_epilogue.o)
                0x000035ce                __epilogue_restores__
 .text.avr-libc
                0x00003604       0x3c c:/users/mahmo/downloads/nti_rtos_course/sdk_win_64/sdk_win_64/winavr/bin/../lib/gcc/avr/4.3.3/../../../../avr/lib/avr5\libc.a(atoi.o)
                0x00003604                atoi
 .text.avr-libc
                0x00003640       0x12 c:/users/mahmo/downloads/nti_rtos_course/sdk_win_64/sdk_win_64/winavr/bin/../lib/gcc/avr/4.3.3/../../../../avr/lib/avr5\libc.a(memcpy.o)
                0x00003640                memcpy
 .text.avr-libc
                0x00003652        0xe c:/users/mahmo/downloads/nti_rtos_course/sdk_win_64/sdk_win_64/winavr/bin/../lib/gcc/avr/4.3.3/../../../../avr/lib/avr5\libc.a(memset.o)
                0x00003652                memset
 .text.avr-libc
                0x00003660        0xe c:/users/mahmo/downloads/nti_rtos_course/sdk_win_64/sdk_win_64/winavr/bin/../lib/gcc/avr/4.3.3/../../../../avr/lib/avr5\libc.a(strcpy.o)
                0x00003660                strcpy
 .text.avr-libc
                0x0000366e       0x1e c:/users/mahmo/downloads/nti_rtos_course/sdk_win_64/sdk_win_64/winavr/bin/../lib/gcc/avr/4.3.3/../../../../avr/lib/avr5\libc.a(strncpy.o)
                0x0000366e                strncpy
 .text.avr-libc
                0x0000368c       0x10 c:/users/mahmo/downloads/nti_rtos_course/sdk_win_64/sdk_win_64/winavr/bin/../lib/gcc/avr/4.3.3/../../../../avr/lib/avr5\libc.a(mul10.o)
                0x0000368c                __mulhi_const_10
                0x0000369c                . = ALIGN (0x2)
 *(.fini9)
 .fini9         0x0000369c        0x0 c:/users/mahmo/downloads/nti_rtos_course/sdk_win_64/sdk_win_64/winavr/bin/../lib/gcc/avr/4.3.3/avr5\libgcc.a(_exit.o)
                0x0000369c                exit
                0x0000369c                _exit
 *(.fini9)
 *(.fini8)
 *(.fini8)
 *(.fini7)
 *(.fini7)
 *(.fini6)
 *(.fini6)
 *(.fini5)
 *(.fini5)
 *(.fini4)
 *(.fini4)
 *(.fini3)
 *(.fini3)
 *(.fini2)
 *(.fini2)
 *(.fini1)
 *(.fini1)
 *(.fini0)
 .fini0         0x0000369c        0x4 c:/users/mahmo/downloads/nti_rtos_course/sdk_win_64/sdk_win_64/winavr/bin/../lib/gcc/avr/4.3.3/avr5\libgcc.a(_exit.o)
 *(.fini0)
                0x000036a0                _etext = .

.data           0x00800060      0x172 load address 0x000036a0
                0x00800060                PROVIDE (__data_start, .)
 *(.data)
 .data          0x00800060        0x0 c:/users/mahmo/downloads/nti_rtos_course/sdk_win_64/sdk_win_64/winavr/bin/../lib/gcc/avr/4.3.3/../../../../avr/lib/avr5/crtm32.o
 .data          0x00800060        0x0 ./LCD/LCD_prog.o
 .data          0x00800060        0x0 ./Keypad/Keypad_prog.o
 .data          0x00800060        0x0 ./GIE/GIE_prog.o
 .data          0x00800060        0x0 ./FreeRTOS/croutine.o
 .data          0x00800060        0x0 ./FreeRTOS/heap_1.o
 .data          0x00800060        0x0 ./FreeRTOS/list.o
 .data          0x00800060        0x0 ./FreeRTOS/port.o
 .data          0x00800060        0x0 ./FreeRTOS/queue.o
 .data          0x00800060        0x5 ./FreeRTOS/tasks.o
 .data          0x00800065        0x0 ./FreeRTOS/timers.o
 .data          0x00800065        0x0 ./DIO/DIO_prog.o
 .data          0x00800065        0x0 ./ADC/ADC_prog.o
 .data          0x00800065       0x38 ./main.o
 .data          0x0080009d        0x0 c:/users/mahmo/downloads/nti_rtos_course/sdk_win_64/sdk_win_64/winavr/bin/../lib/gcc/avr/4.3.3/avr5\libgcc.a(_mulsi3.o)
 .data          0x0080009d        0x0 c:/users/mahmo/downloads/nti_rtos_course/sdk_win_64/sdk_win_64/winavr/bin/../lib/gcc/avr/4.3.3/avr5\libgcc.a(_divmodsi4.o)
 .data          0x0080009d        0x0 c:/users/mahmo/downloads/nti_rtos_course/sdk_win_64/sdk_win_64/winavr/bin/../lib/gcc/avr/4.3.3/avr5\libgcc.a(_exit.o)
 .data          0x0080009d        0x0 c:/users/mahmo/downloads/nti_rtos_course/sdk_win_64/sdk_win_64/winavr/bin/../lib/gcc/avr/4.3.3/avr5\libgcc.a(_copy_data.o)
 .data          0x0080009d        0x0 c:/users/mahmo/downloads/nti_rtos_course/sdk_win_64/sdk_win_64/winavr/bin/../lib/gcc/avr/4.3.3/avr5\libgcc.a(_clear_bss.o)
 .data          0x0080009d        0x0 c:/users/mahmo/downloads/nti_rtos_course/sdk_win_64/sdk_win_64/winavr/bin/../lib/gcc/avr/4.3.3/avr5\libgcc.a(_fixunssfsi.o)
 .data          0x0080009d        0x0 c:/users/mahmo/downloads/nti_rtos_course/sdk_win_64/sdk_win_64/winavr/bin/../lib/gcc/avr/4.3.3/avr5\libgcc.a(_addsub_sf.o)
 .data          0x0080009d        0x0 c:/users/mahmo/downloads/nti_rtos_course/sdk_win_64/sdk_win_64/winavr/bin/../lib/gcc/avr/4.3.3/avr5\libgcc.a(_mul_sf.o)
 .data          0x0080009d        0x0 c:/users/mahmo/downloads/nti_rtos_course/sdk_win_64/sdk_win_64/winavr/bin/../lib/gcc/avr/4.3.3/avr5\libgcc.a(_ge_sf.o)
 .data          0x0080009d        0x0 c:/users/mahmo/downloads/nti_rtos_course/sdk_win_64/sdk_win_64/winavr/bin/../lib/gcc/avr/4.3.3/avr5\libgcc.a(_sf_to_si.o)
 .data          0x0080009d        0x8 c:/users/mahmo/downloads/nti_rtos_course/sdk_win_64/sdk_win_64/winavr/bin/../lib/gcc/avr/4.3.3/avr5\libgcc.a(_thenan_sf.o)
                0x0080009d                __thenan_sf
 .data          0x008000a5        0x0 c:/users/mahmo/downloads/nti_rtos_course/sdk_win_64/sdk_win_64/winavr/bin/../lib/gcc/avr/4.3.3/avr5\libgcc.a(_usi_to_sf.o)
 .data          0x008000a5        0x0 c:/users/mahmo/downloads/nti_rtos_course/sdk_win_64/sdk_win_64/winavr/bin/../lib/gcc/avr/4.3.3/avr5\libgcc.a(_udivmodsi4.o)
 .data          0x008000a5        0x0 c:/users/mahmo/downloads/nti_rtos_course/sdk_win_64/sdk_win_64/winavr/bin/../lib/gcc/avr/4.3.3/avr5\libgcc.a(_prologue.o)
 .data          0x008000a5        0x0 c:/users/mahmo/downloads/nti_rtos_course/sdk_win_64/sdk_win_64/winavr/bin/../lib/gcc/avr/4.3.3/avr5\libgcc.a(_epilogue.o)
 .data          0x008000a5        0x0 c:/users/mahmo/downloads/nti_rtos_course/sdk_win_64/sdk_win_64/winavr/bin/../lib/gcc/avr/4.3.3/avr5\libgcc.a(_clzsi2.o)
 .data          0x008000a5        0x0 c:/users/mahmo/downloads/nti_rtos_course/sdk_win_64/sdk_win_64/winavr/bin/../lib/gcc/avr/4.3.3/avr5\libgcc.a(_pack_sf.o)
 .data          0x008000a5        0x0 c:/users/mahmo/downloads/nti_rtos_course/sdk_win_64/sdk_win_64/winavr/bin/../lib/gcc/avr/4.3.3/avr5\libgcc.a(_unpack_sf.o)
 .data          0x008000a5        0x0 c:/users/mahmo/downloads/nti_rtos_course/sdk_win_64/sdk_win_64/winavr/bin/../lib/gcc/avr/4.3.3/avr5\libgcc.a(_fpcmp_parts_sf.o)
 .data          0x008000a5      0x100 c:/users/mahmo/downloads/nti_rtos_course/sdk_win_64/sdk_win_64/winavr/bin/../lib/gcc/avr/4.3.3/avr5\libgcc.a(_clz.o)
                0x008000a5                __clz_tab
 .data          0x008001a5        0x0 c:/users/mahmo/downloads/nti_rtos_course/sdk_win_64/sdk_win_64/winavr/bin/../lib/gcc/avr/4.3.3/../../../../avr/lib/avr5\libc.a(atoi.o)
 .data          0x008001a5        0x0 c:/users/mahmo/downloads/nti_rtos_course/sdk_win_64/sdk_win_64/winavr/bin/../lib/gcc/avr/4.3.3/../../../../avr/lib/avr5\libc.a(memcpy.o)
 .data          0x008001a5        0x0 c:/users/mahmo/downloads/nti_rtos_course/sdk_win_64/sdk_win_64/winavr/bin/../lib/gcc/avr/4.3.3/../../../../avr/lib/avr5\libc.a(memset.o)
 .data          0x008001a5        0x0 c:/users/mahmo/downloads/nti_rtos_course/sdk_win_64/sdk_win_64/winavr/bin/../lib/gcc/avr/4.3.3/../../../../avr/lib/avr5\libc.a(strcpy.o)
 .data          0x008001a5        0x0 c:/users/mahmo/downloads/nti_rtos_course/sdk_win_64/sdk_win_64/winavr/bin/../lib/gcc/avr/4.3.3/../../../../avr/lib/avr5\libc.a(strncpy.o)
 .data          0x008001a5        0x0 c:/users/mahmo/downloads/nti_rtos_course/sdk_win_64/sdk_win_64/winavr/bin/../lib/gcc/avr/4.3.3/../../../../avr/lib/avr5\libc.a(mul10.o)
 *(.data*)
 .data.xNextTaskUnblockTime
                0x008001a5        0x2 ./FreeRTOS/tasks.o
 .data.doorStatus
                0x008001a7        0x4 ./main.o
                0x008001a7                doorStatus
 .data.warning  0x008001ab       0x10 ./main.o
                0x008001ab                warning
 .data.FanState
                0x008001bb        0x4 ./main.o
                0x008001bb                FanState
 .data.current_value
                0x008001bf        0x2 ./main.o
                0x008001bf                current_value
 *(.rodata)
 *(.rodata*)
 .rodata.C.1.1303
                0x008001c1       0x10 ./Keypad/Keypad_prog.o
 *(.gnu.linkonce.d*)
                0x008001d2                . = ALIGN (0x2)
 *fill*         0x008001d1        0x1 00
                0x008001d2                _edata = .
                0x008001d2                PROVIDE (__data_end, .)

.bss            0x008001d2      0x568
                0x008001d2                PROVIDE (__bss_start, .)
 *(.bss)
 .bss           0x008001d2        0x0 c:/users/mahmo/downloads/nti_rtos_course/sdk_win_64/sdk_win_64/winavr/bin/../lib/gcc/avr/4.3.3/../../../../avr/lib/avr5/crtm32.o
 .bss           0x008001d2        0x0 ./LCD/LCD_prog.o
 .bss           0x008001d2        0x0 ./Keypad/Keypad_prog.o
 .bss           0x008001d2        0x0 ./GIE/GIE_prog.o
 .bss           0x008001d2        0x0 ./FreeRTOS/croutine.o
 .bss           0x008001d2        0x0 ./FreeRTOS/heap_1.o
 .bss           0x008001d2        0x0 ./FreeRTOS/list.o
 .bss           0x008001d2        0x0 ./FreeRTOS/port.o
 .bss           0x008001d2        0x0 ./FreeRTOS/queue.o
 .bss           0x008001d2        0x0 ./FreeRTOS/tasks.o
 .bss           0x008001d2        0x0 ./FreeRTOS/timers.o
 .bss           0x008001d2        0x0 ./DIO/DIO_prog.o
 .bss           0x008001d2        0x0 ./ADC/ADC_prog.o
 .bss           0x008001d2        0x0 ./main.o
 .bss           0x008001d2        0x0 c:/users/mahmo/downloads/nti_rtos_course/sdk_win_64/sdk_win_64/winavr/bin/../lib/gcc/avr/4.3.3/avr5\libgcc.a(_mulsi3.o)
 .bss           0x008001d2        0x0 c:/users/mahmo/downloads/nti_rtos_course/sdk_win_64/sdk_win_64/winavr/bin/../lib/gcc/avr/4.3.3/avr5\libgcc.a(_divmodsi4.o)
 .bss           0x008001d2        0x0 c:/users/mahmo/downloads/nti_rtos_course/sdk_win_64/sdk_win_64/winavr/bin/../lib/gcc/avr/4.3.3/avr5\libgcc.a(_exit.o)
 .bss           0x008001d2        0x0 c:/users/mahmo/downloads/nti_rtos_course/sdk_win_64/sdk_win_64/winavr/bin/../lib/gcc/avr/4.3.3/avr5\libgcc.a(_copy_data.o)
 .bss           0x008001d2        0x0 c:/users/mahmo/downloads/nti_rtos_course/sdk_win_64/sdk_win_64/winavr/bin/../lib/gcc/avr/4.3.3/avr5\libgcc.a(_clear_bss.o)
 .bss           0x008001d2        0x0 c:/users/mahmo/downloads/nti_rtos_course/sdk_win_64/sdk_win_64/winavr/bin/../lib/gcc/avr/4.3.3/avr5\libgcc.a(_fixunssfsi.o)
 .bss           0x008001d2        0x0 c:/users/mahmo/downloads/nti_rtos_course/sdk_win_64/sdk_win_64/winavr/bin/../lib/gcc/avr/4.3.3/avr5\libgcc.a(_addsub_sf.o)
 .bss           0x008001d2        0x0 c:/users/mahmo/downloads/nti_rtos_course/sdk_win_64/sdk_win_64/winavr/bin/../lib/gcc/avr/4.3.3/avr5\libgcc.a(_mul_sf.o)
 .bss           0x008001d2        0x0 c:/users/mahmo/downloads/nti_rtos_course/sdk_win_64/sdk_win_64/winavr/bin/../lib/gcc/avr/4.3.3/avr5\libgcc.a(_ge_sf.o)
 .bss           0x008001d2        0x0 c:/users/mahmo/downloads/nti_rtos_course/sdk_win_64/sdk_win_64/winavr/bin/../lib/gcc/avr/4.3.3/avr5\libgcc.a(_sf_to_si.o)
 .bss           0x008001d2        0x0 c:/users/mahmo/downloads/nti_rtos_course/sdk_win_64/sdk_win_64/winavr/bin/../lib/gcc/avr/4.3.3/avr5\libgcc.a(_thenan_sf.o)
 .bss           0x008001d2        0x0 c:/users/mahmo/downloads/nti_rtos_course/sdk_win_64/sdk_win_64/winavr/bin/../lib/gcc/avr/4.3.3/avr5\libgcc.a(_usi_to_sf.o)
 .bss           0x008001d2        0x0 c:/users/mahmo/downloads/nti_rtos_course/sdk_win_64/sdk_win_64/winavr/bin/../lib/gcc/avr/4.3.3/avr5\libgcc.a(_udivmodsi4.o)
 .bss           0x008001d2        0x0 c:/users/mahmo/downloads/nti_rtos_course/sdk_win_64/sdk_win_64/winavr/bin/../lib/gcc/avr/4.3.3/avr5\libgcc.a(_prologue.o)
 .bss           0x008001d2        0x0 c:/users/mahmo/downloads/nti_rtos_course/sdk_win_64/sdk_win_64/winavr/bin/../lib/gcc/avr/4.3.3/avr5\libgcc.a(_epilogue.o)
 .bss           0x008001d2        0x0 c:/users/mahmo/downloads/nti_rtos_course/sdk_win_64/sdk_win_64/winavr/bin/../lib/gcc/avr/4.3.3/avr5\libgcc.a(_clzsi2.o)
 .bss           0x008001d2        0x0 c:/users/mahmo/downloads/nti_rtos_course/sdk_win_64/sdk_win_64/winavr/bin/../lib/gcc/avr/4.3.3/avr5\libgcc.a(_pack_sf.o)
 .bss           0x008001d2        0x0 c:/users/mahmo/downloads/nti_rtos_course/sdk_win_64/sdk_win_64/winavr/bin/../lib/gcc/avr/4.3.3/avr5\libgcc.a(_unpack_sf.o)
 .bss           0x008001d2        0x0 c:/users/mahmo/downloads/nti_rtos_course/sdk_win_64/sdk_win_64/winavr/bin/../lib/gcc/avr/4.3.3/avr5\libgcc.a(_fpcmp_parts_sf.o)
 .bss           0x008001d2        0x0 c:/users/mahmo/downloads/nti_rtos_course/sdk_win_64/sdk_win_64/winavr/bin/../lib/gcc/avr/4.3.3/avr5\libgcc.a(_clz.o)
 .bss           0x008001d2        0x0 c:/users/mahmo/downloads/nti_rtos_course/sdk_win_64/sdk_win_64/winavr/bin/../lib/gcc/avr/4.3.3/../../../../avr/lib/avr5\libc.a(atoi.o)
 .bss           0x008001d2        0x0 c:/users/mahmo/downloads/nti_rtos_course/sdk_win_64/sdk_win_64/winavr/bin/../lib/gcc/avr/4.3.3/../../../../avr/lib/avr5\libc.a(memcpy.o)
 .bss           0x008001d2        0x0 c:/users/mahmo/downloads/nti_rtos_course/sdk_win_64/sdk_win_64/winavr/bin/../lib/gcc/avr/4.3.3/../../../../avr/lib/avr5\libc.a(memset.o)
 .bss           0x008001d2        0x0 c:/users/mahmo/downloads/nti_rtos_course/sdk_win_64/sdk_win_64/winavr/bin/../lib/gcc/avr/4.3.3/../../../../avr/lib/avr5\libc.a(strcpy.o)
 .bss           0x008001d2        0x0 c:/users/mahmo/downloads/nti_rtos_course/sdk_win_64/sdk_win_64/winavr/bin/../lib/gcc/avr/4.3.3/../../../../avr/lib/avr5\libc.a(strncpy.o)
 .bss           0x008001d2        0x0 c:/users/mahmo/downloads/nti_rtos_course/sdk_win_64/sdk_win_64/winavr/bin/../lib/gcc/avr/4.3.3/../../../../avr/lib/avr5\libc.a(mul10.o)
 *(.bss*)
 .bss.pxCurrentCoRoutine
                0x008001d2        0x2 ./FreeRTOS/croutine.o
                0x008001d2                pxCurrentCoRoutine
 .bss.uxTopCoRoutineReadyPriority
                0x008001d4        0x1 ./FreeRTOS/croutine.o
 .bss.xLastTickCount
                0x008001d5        0x2 ./FreeRTOS/croutine.o
 .bss.xPassedTicks
                0x008001d7        0x2 ./FreeRTOS/croutine.o
 .bss.xCoRoutineTickCount
                0x008001d9        0x2 ./FreeRTOS/croutine.o
 .bss.pxReadyCoRoutineLists
                0x008001db       0x12 ./FreeRTOS/croutine.o
 .bss.xDelayedCoRoutineList1
                0x008001ed        0x9 ./FreeRTOS/croutine.o
 .bss.xDelayedCoRoutineList2
                0x008001f6        0x9 ./FreeRTOS/croutine.o
 .bss.pxDelayedCoRoutineList
                0x008001ff        0x2 ./FreeRTOS/croutine.o
 .bss.pxOverflowDelayedCoRoutineList
                0x00800201        0x2 ./FreeRTOS/croutine.o
 .bss.xPendingReadyCoRoutineList
                0x00800203        0x9 ./FreeRTOS/croutine.o
 .bss.xNextFreeByte
                0x0080020c        0x2 ./FreeRTOS/heap_1.o
 .bss.xHeap     0x0080020e      0x4b0 ./FreeRTOS/heap_1.o
 .bss.pxCurrentTCB
                0x008006be        0x2 ./FreeRTOS/tasks.o
                0x008006be                pxCurrentTCB
 .bss.uxTopReadyPriority
                0x008006c0        0x1 ./FreeRTOS/tasks.o
 .bss.xMissedYield
                0x008006c1        0x1 ./FreeRTOS/tasks.o
 .bss.xNumOfOverflows
                0x008006c2        0x1 ./FreeRTOS/tasks.o
 .bss.xTickCount
                0x008006c3        0x2 ./FreeRTOS/tasks.o
 .bss.uxSchedulerSuspended
                0x008006c5        0x1 ./FreeRTOS/tasks.o
 .bss.uxMissedTicks
                0x008006c6        0x1 ./FreeRTOS/tasks.o
 .bss.uxCurrentNumberOfTasks
                0x008006c7        0x1 ./FreeRTOS/tasks.o
 .bss.xSchedulerRunning
                0x008006c8        0x1 ./FreeRTOS/tasks.o
 .bss.uxTasksDeleted
                0x008006c9        0x1 ./FreeRTOS/tasks.o
 .bss.uxTaskNumber
                0x008006ca        0x1 ./FreeRTOS/tasks.o
 .bss.uxTopUsedPriority
                0x008006cb        0x1 ./FreeRTOS/tasks.o
 .bss.pxReadyTasksLists
                0x008006cc       0x2d ./FreeRTOS/tasks.o
 .bss.xDelayedTaskList1
                0x008006f9        0x9 ./FreeRTOS/tasks.o
 .bss.xDelayedTaskList2
                0x00800702        0x9 ./FreeRTOS/tasks.o
 .bss.pxDelayedTaskList
                0x0080070b        0x2 ./FreeRTOS/tasks.o
 .bss.pxOverflowDelayedTaskList
                0x0080070d        0x2 ./FreeRTOS/tasks.o
 .bss.xPendingReadyList
                0x0080070f        0x9 ./FreeRTOS/tasks.o
 .bss.xTasksWaitingTermination
                0x00800718        0x9 ./FreeRTOS/tasks.o
 .bss.xSuspendedTaskList
                0x00800721        0x9 ./FreeRTOS/tasks.o
 .bss.ADC_pfunISRFun
                0x0080072a        0x2 ./ADC/ADC_prog.o
 .bss.pass      0x0080072c        0x2 ./main.o
                0x0080072c                pass
 .bss.Digital   0x0080072e        0x4 ./main.o
                0x0080072e                Digital
 .bss.Temp      0x00800732        0x2 ./main.o
                0x00800732                Temp
 .bss.Gas       0x00800734        0x2 ./main.o
                0x00800734                Gas
 *(COMMON)
 COMMON         0x00800736        0x4 ./main.o
                0x00800736                LCD_semphr
                0x00800738                ADC_semphr
                0x0080073a                PROVIDE (__bss_end, .)
                0x000036a0                __data_load_start = LOADADDR (.data)
                0x00003812                __data_load_end = (__data_load_start + SIZEOF (.data))

.noinit         0x0080073a        0x0
                0x0080073a                PROVIDE (__noinit_start, .)
 *(.noinit*)
                0x0080073a                PROVIDE (__noinit_end, .)
                0x0080073a                _end = .
                0x0080073a                PROVIDE (__heap_start, .)

.eeprom         0x00810000        0x0
 *(.eeprom*)
                0x00810000                __eeprom_end = .

.fuse
 *(.fuse)
 *(.lfuse)
 *(.hfuse)
 *(.efuse)

.lock
 *(.lock*)

.signature
 *(.signature*)

.stab
 *(.stab)

.stabstr
 *(.stabstr)

.stab.excl
 *(.stab.excl)

.stab.exclstr
 *(.stab.exclstr)

.stab.index
 *(.stab.index)

.stab.indexstr
 *(.stab.indexstr)

.comment
 *(.comment)

.debug
 *(.debug)

.line
 *(.line)

.debug_srcinfo
 *(.debug_srcinfo)

.debug_sfnames
 *(.debug_sfnames)

.debug_aranges  0x00000000      0x140
 *(.debug_aranges)
 .debug_aranges
                0x00000000       0x20 c:/users/mahmo/downloads/nti_rtos_course/sdk_win_64/sdk_win_64/winavr/bin/../lib/gcc/avr/4.3.3/avr5\libgcc.a(_fixunssfsi.o)
 .debug_aranges
                0x00000020       0x20 c:/users/mahmo/downloads/nti_rtos_course/sdk_win_64/sdk_win_64/winavr/bin/../lib/gcc/avr/4.3.3/avr5\libgcc.a(_addsub_sf.o)
 .debug_aranges
                0x00000040       0x20 c:/users/mahmo/downloads/nti_rtos_course/sdk_win_64/sdk_win_64/winavr/bin/../lib/gcc/avr/4.3.3/avr5\libgcc.a(_mul_sf.o)
 .debug_aranges
                0x00000060       0x20 c:/users/mahmo/downloads/nti_rtos_course/sdk_win_64/sdk_win_64/winavr/bin/../lib/gcc/avr/4.3.3/avr5\libgcc.a(_ge_sf.o)
 .debug_aranges
                0x00000080       0x20 c:/users/mahmo/downloads/nti_rtos_course/sdk_win_64/sdk_win_64/winavr/bin/../lib/gcc/avr/4.3.3/avr5\libgcc.a(_sf_to_si.o)
 .debug_aranges
                0x000000a0       0x20 c:/users/mahmo/downloads/nti_rtos_course/sdk_win_64/sdk_win_64/winavr/bin/../lib/gcc/avr/4.3.3/avr5\libgcc.a(_usi_to_sf.o)
 .debug_aranges
                0x000000c0       0x20 c:/users/mahmo/downloads/nti_rtos_course/sdk_win_64/sdk_win_64/winavr/bin/../lib/gcc/avr/4.3.3/avr5\libgcc.a(_clzsi2.o)
 .debug_aranges
                0x000000e0       0x20 c:/users/mahmo/downloads/nti_rtos_course/sdk_win_64/sdk_win_64/winavr/bin/../lib/gcc/avr/4.3.3/avr5\libgcc.a(_pack_sf.o)
 .debug_aranges
                0x00000100       0x20 c:/users/mahmo/downloads/nti_rtos_course/sdk_win_64/sdk_win_64/winavr/bin/../lib/gcc/avr/4.3.3/avr5\libgcc.a(_unpack_sf.o)
 .debug_aranges
                0x00000120       0x20 c:/users/mahmo/downloads/nti_rtos_course/sdk_win_64/sdk_win_64/winavr/bin/../lib/gcc/avr/4.3.3/avr5\libgcc.a(_fpcmp_parts_sf.o)

.debug_pubnames
                0x00000000      0x197
 *(.debug_pubnames)
 .debug_pubnames
                0x00000000       0x23 c:/users/mahmo/downloads/nti_rtos_course/sdk_win_64/sdk_win_64/winavr/bin/../lib/gcc/avr/4.3.3/avr5\libgcc.a(_fixunssfsi.o)
 .debug_pubnames
                0x00000023       0x2c c:/users/mahmo/downloads/nti_rtos_course/sdk_win_64/sdk_win_64/winavr/bin/../lib/gcc/avr/4.3.3/avr5\libgcc.a(_addsub_sf.o)
 .debug_pubnames
                0x0000004f       0x1f c:/users/mahmo/downloads/nti_rtos_course/sdk_win_64/sdk_win_64/winavr/bin/../lib/gcc/avr/4.3.3/avr5\libgcc.a(_mul_sf.o)
 .debug_pubnames
                0x0000006e       0x1e c:/users/mahmo/downloads/nti_rtos_course/sdk_win_64/sdk_win_64/winavr/bin/../lib/gcc/avr/4.3.3/avr5\libgcc.a(_ge_sf.o)
 .debug_pubnames
                0x0000008c       0x20 c:/users/mahmo/downloads/nti_rtos_course/sdk_win_64/sdk_win_64/winavr/bin/../lib/gcc/avr/4.3.3/avr5\libgcc.a(_sf_to_si.o)
 .debug_pubnames
                0x000000ac       0x22 c:/users/mahmo/downloads/nti_rtos_course/sdk_win_64/sdk_win_64/winavr/bin/../lib/gcc/avr/4.3.3/avr5\libgcc.a(_thenan_sf.o)
 .debug_pubnames
                0x000000ce       0x24 c:/users/mahmo/downloads/nti_rtos_course/sdk_win_64/sdk_win_64/winavr/bin/../lib/gcc/avr/4.3.3/avr5\libgcc.a(_usi_to_sf.o)
 .debug_pubnames
                0x000000f2       0x1f c:/users/mahmo/downloads/nti_rtos_course/sdk_win_64/sdk_win_64/winavr/bin/../lib/gcc/avr/4.3.3/avr5\libgcc.a(_clzsi2.o)
 .debug_pubnames
                0x00000111       0x1f c:/users/mahmo/downloads/nti_rtos_course/sdk_win_64/sdk_win_64/winavr/bin/../lib/gcc/avr/4.3.3/avr5\libgcc.a(_pack_sf.o)
 .debug_pubnames
                0x00000130       0x21 c:/users/mahmo/downloads/nti_rtos_course/sdk_win_64/sdk_win_64/winavr/bin/../lib/gcc/avr/4.3.3/avr5\libgcc.a(_unpack_sf.o)
 .debug_pubnames
                0x00000151       0x26 c:/users/mahmo/downloads/nti_rtos_course/sdk_win_64/sdk_win_64/winavr/bin/../lib/gcc/avr/4.3.3/avr5\libgcc.a(_fpcmp_parts_sf.o)
 .debug_pubnames
                0x00000177       0x20 c:/users/mahmo/downloads/nti_rtos_course/sdk_win_64/sdk_win_64/winavr/bin/../lib/gcc/avr/4.3.3/avr5\libgcc.a(_clz.o)

.debug_info     0x00000000     0x1b11
 *(.debug_info)
 .debug_info    0x00000000       0xb1 c:/users/mahmo/downloads/nti_rtos_course/sdk_win_64/sdk_win_64/winavr/bin/../lib/gcc/avr/4.3.3/avr5\libgcc.a(_fixunssfsi.o)
 .debug_info    0x000000b1      0x47a c:/users/mahmo/downloads/nti_rtos_course/sdk_win_64/sdk_win_64/winavr/bin/../lib/gcc/avr/4.3.3/avr5\libgcc.a(_addsub_sf.o)
 .debug_info    0x0000052b      0x485 c:/users/mahmo/downloads/nti_rtos_course/sdk_win_64/sdk_win_64/winavr/bin/../lib/gcc/avr/4.3.3/avr5\libgcc.a(_mul_sf.o)
 .debug_info    0x000009b0      0x27f c:/users/mahmo/downloads/nti_rtos_course/sdk_win_64/sdk_win_64/winavr/bin/../lib/gcc/avr/4.3.3/avr5\libgcc.a(_ge_sf.o)
 .debug_info    0x00000c2f      0x2b0 c:/users/mahmo/downloads/nti_rtos_course/sdk_win_64/sdk_win_64/winavr/bin/../lib/gcc/avr/4.3.3/avr5\libgcc.a(_sf_to_si.o)
 .debug_info    0x00000edf      0x12c c:/users/mahmo/downloads/nti_rtos_course/sdk_win_64/sdk_win_64/winavr/bin/../lib/gcc/avr/4.3.3/avr5\libgcc.a(_thenan_sf.o)
 .debug_info    0x0000100b      0x206 c:/users/mahmo/downloads/nti_rtos_course/sdk_win_64/sdk_win_64/winavr/bin/../lib/gcc/avr/4.3.3/avr5\libgcc.a(_usi_to_sf.o)
 .debug_info    0x00001211      0x117 c:/users/mahmo/downloads/nti_rtos_course/sdk_win_64/sdk_win_64/winavr/bin/../lib/gcc/avr/4.3.3/avr5\libgcc.a(_clzsi2.o)
 .debug_info    0x00001328      0x2df c:/users/mahmo/downloads/nti_rtos_course/sdk_win_64/sdk_win_64/winavr/bin/../lib/gcc/avr/4.3.3/avr5\libgcc.a(_pack_sf.o)
 .debug_info    0x00001607      0x251 c:/users/mahmo/downloads/nti_rtos_course/sdk_win_64/sdk_win_64/winavr/bin/../lib/gcc/avr/4.3.3/avr5\libgcc.a(_unpack_sf.o)
 .debug_info    0x00001858      0x210 c:/users/mahmo/downloads/nti_rtos_course/sdk_win_64/sdk_win_64/winavr/bin/../lib/gcc/avr/4.3.3/avr5\libgcc.a(_fpcmp_parts_sf.o)
 .debug_info    0x00001a68       0xa9 c:/users/mahmo/downloads/nti_rtos_course/sdk_win_64/sdk_win_64/winavr/bin/../lib/gcc/avr/4.3.3/avr5\libgcc.a(_clz.o)
 *(.gnu.linkonce.wi.*)

.debug_abbrev   0x00000000      0xebc
 *(.debug_abbrev)
 .debug_abbrev  0x00000000       0x5d c:/users/mahmo/downloads/nti_rtos_course/sdk_win_64/sdk_win_64/winavr/bin/../lib/gcc/avr/4.3.3/avr5\libgcc.a(_fixunssfsi.o)
 .debug_abbrev  0x0000005d      0x1ea c:/users/mahmo/downloads/nti_rtos_course/sdk_win_64/sdk_win_64/winavr/bin/../lib/gcc/avr/4.3.3/avr5\libgcc.a(_addsub_sf.o)
 .debug_abbrev  0x00000247      0x21b c:/users/mahmo/downloads/nti_rtos_course/sdk_win_64/sdk_win_64/winavr/bin/../lib/gcc/avr/4.3.3/avr5\libgcc.a(_mul_sf.o)
 .debug_abbrev  0x00000462      0x15a c:/users/mahmo/downloads/nti_rtos_course/sdk_win_64/sdk_win_64/winavr/bin/../lib/gcc/avr/4.3.3/avr5\libgcc.a(_ge_sf.o)
 .debug_abbrev  0x000005bc      0x17f c:/users/mahmo/downloads/nti_rtos_course/sdk_win_64/sdk_win_64/winavr/bin/../lib/gcc/avr/4.3.3/avr5\libgcc.a(_sf_to_si.o)
 .debug_abbrev  0x0000073b       0xad c:/users/mahmo/downloads/nti_rtos_course/sdk_win_64/sdk_win_64/winavr/bin/../lib/gcc/avr/4.3.3/avr5\libgcc.a(_thenan_sf.o)
 .debug_abbrev  0x000007e8      0x157 c:/users/mahmo/downloads/nti_rtos_course/sdk_win_64/sdk_win_64/winavr/bin/../lib/gcc/avr/4.3.3/avr5\libgcc.a(_usi_to_sf.o)
 .debug_abbrev  0x0000093f       0xc4 c:/users/mahmo/downloads/nti_rtos_course/sdk_win_64/sdk_win_64/winavr/bin/../lib/gcc/avr/4.3.3/avr5\libgcc.a(_clzsi2.o)
 .debug_abbrev  0x00000a03      0x1c0 c:/users/mahmo/downloads/nti_rtos_course/sdk_win_64/sdk_win_64/winavr/bin/../lib/gcc/avr/4.3.3/avr5\libgcc.a(_pack_sf.o)
 .debug_abbrev  0x00000bc3      0x154 c:/users/mahmo/downloads/nti_rtos_course/sdk_win_64/sdk_win_64/winavr/bin/../lib/gcc/avr/4.3.3/avr5\libgcc.a(_unpack_sf.o)
 .debug_abbrev  0x00000d17      0x13b c:/users/mahmo/downloads/nti_rtos_course/sdk_win_64/sdk_win_64/winavr/bin/../lib/gcc/avr/4.3.3/avr5\libgcc.a(_fpcmp_parts_sf.o)
 .debug_abbrev  0x00000e52       0x6a c:/users/mahmo/downloads/nti_rtos_course/sdk_win_64/sdk_win_64/winavr/bin/../lib/gcc/avr/4.3.3/avr5\libgcc.a(_clz.o)

.debug_line     0x00000000      0xe5b
 *(.debug_line)
 .debug_line    0x00000000       0xa7 c:/users/mahmo/downloads/nti_rtos_course/sdk_win_64/sdk_win_64/winavr/bin/../lib/gcc/avr/4.3.3/avr5\libgcc.a(_fixunssfsi.o)
 .debug_line    0x000000a7      0x2af c:/users/mahmo/downloads/nti_rtos_course/sdk_win_64/sdk_win_64/winavr/bin/../lib/gcc/avr/4.3.3/avr5\libgcc.a(_addsub_sf.o)
 .debug_line    0x00000356      0x239 c:/users/mahmo/downloads/nti_rtos_course/sdk_win_64/sdk_win_64/winavr/bin/../lib/gcc/avr/4.3.3/avr5\libgcc.a(_mul_sf.o)
 .debug_line    0x0000058f       0xd3 c:/users/mahmo/downloads/nti_rtos_course/sdk_win_64/sdk_win_64/winavr/bin/../lib/gcc/avr/4.3.3/avr5\libgcc.a(_ge_sf.o)
 .debug_line    0x00000662      0x109 c:/users/mahmo/downloads/nti_rtos_course/sdk_win_64/sdk_win_64/winavr/bin/../lib/gcc/avr/4.3.3/avr5\libgcc.a(_sf_to_si.o)
 .debug_line    0x0000076b       0x90 c:/users/mahmo/downloads/nti_rtos_course/sdk_win_64/sdk_win_64/winavr/bin/../lib/gcc/avr/4.3.3/avr5\libgcc.a(_thenan_sf.o)
 .debug_line    0x000007fb      0x133 c:/users/mahmo/downloads/nti_rtos_course/sdk_win_64/sdk_win_64/winavr/bin/../lib/gcc/avr/4.3.3/avr5\libgcc.a(_usi_to_sf.o)
 .debug_line    0x0000092e       0xa5 c:/users/mahmo/downloads/nti_rtos_course/sdk_win_64/sdk_win_64/winavr/bin/../lib/gcc/avr/4.3.3/avr5\libgcc.a(_clzsi2.o)
 .debug_line    0x000009d3      0x18a c:/users/mahmo/downloads/nti_rtos_course/sdk_win_64/sdk_win_64/winavr/bin/../lib/gcc/avr/4.3.3/avr5\libgcc.a(_pack_sf.o)
 .debug_line    0x00000b5d      0x14b c:/users/mahmo/downloads/nti_rtos_course/sdk_win_64/sdk_win_64/winavr/bin/../lib/gcc/avr/4.3.3/avr5\libgcc.a(_unpack_sf.o)
 .debug_line    0x00000ca8      0x137 c:/users/mahmo/downloads/nti_rtos_course/sdk_win_64/sdk_win_64/winavr/bin/../lib/gcc/avr/4.3.3/avr5\libgcc.a(_fpcmp_parts_sf.o)
 .debug_line    0x00000ddf       0x7c c:/users/mahmo/downloads/nti_rtos_course/sdk_win_64/sdk_win_64/winavr/bin/../lib/gcc/avr/4.3.3/avr5\libgcc.a(_clz.o)

.debug_frame    0x00000000      0x160
 *(.debug_frame)
 .debug_frame   0x00000000       0x20 c:/users/mahmo/downloads/nti_rtos_course/sdk_win_64/sdk_win_64/winavr/bin/../lib/gcc/avr/4.3.3/avr5\libgcc.a(_fixunssfsi.o)
 .debug_frame   0x00000020       0x40 c:/users/mahmo/downloads/nti_rtos_course/sdk_win_64/sdk_win_64/winavr/bin/../lib/gcc/avr/4.3.3/avr5\libgcc.a(_addsub_sf.o)
 .debug_frame   0x00000060       0x20 c:/users/mahmo/downloads/nti_rtos_course/sdk_win_64/sdk_win_64/winavr/bin/../lib/gcc/avr/4.3.3/avr5\libgcc.a(_mul_sf.o)
 .debug_frame   0x00000080       0x20 c:/users/mahmo/downloads/nti_rtos_course/sdk_win_64/sdk_win_64/winavr/bin/../lib/gcc/avr/4.3.3/avr5\libgcc.a(_ge_sf.o)
 .debug_frame   0x000000a0       0x20 c:/users/mahmo/downloads/nti_rtos_course/sdk_win_64/sdk_win_64/winavr/bin/../lib/gcc/avr/4.3.3/avr5\libgcc.a(_sf_to_si.o)
 .debug_frame   0x000000c0       0x20 c:/users/mahmo/downloads/nti_rtos_course/sdk_win_64/sdk_win_64/winavr/bin/../lib/gcc/avr/4.3.3/avr5\libgcc.a(_usi_to_sf.o)
 .debug_frame   0x000000e0       0x20 c:/users/mahmo/downloads/nti_rtos_course/sdk_win_64/sdk_win_64/winavr/bin/../lib/gcc/avr/4.3.3/avr5\libgcc.a(_clzsi2.o)
 .debug_frame   0x00000100       0x20 c:/users/mahmo/downloads/nti_rtos_course/sdk_win_64/sdk_win_64/winavr/bin/../lib/gcc/avr/4.3.3/avr5\libgcc.a(_pack_sf.o)
 .debug_frame   0x00000120       0x20 c:/users/mahmo/downloads/nti_rtos_course/sdk_win_64/sdk_win_64/winavr/bin/../lib/gcc/avr/4.3.3/avr5\libgcc.a(_unpack_sf.o)
 .debug_frame   0x00000140       0x20 c:/users/mahmo/downloads/nti_rtos_course/sdk_win_64/sdk_win_64/winavr/bin/../lib/gcc/avr/4.3.3/avr5\libgcc.a(_fpcmp_parts_sf.o)

.debug_str      0x00000000      0x2b1
 *(.debug_str)
 .debug_str     0x00000000       0xbf c:/users/mahmo/downloads/nti_rtos_course/sdk_win_64/sdk_win_64/winavr/bin/../lib/gcc/avr/4.3.3/avr5\libgcc.a(_fixunssfsi.o)
                                 0xfe (size before relaxing)
 .debug_str     0x000000bf      0x14d c:/users/mahmo/downloads/nti_rtos_course/sdk_win_64/sdk_win_64/winavr/bin/../lib/gcc/avr/4.3.3/avr5\libgcc.a(_addsub_sf.o)
                                0x206 (size before relaxing)
 .debug_str     0x0000020c       0x27 c:/users/mahmo/downloads/nti_rtos_course/sdk_win_64/sdk_win_64/winavr/bin/../lib/gcc/avr/4.3.3/avr5\libgcc.a(_mul_sf.o)
                                0x1bf (size before relaxing)
 .debug_str     0x00000233        0x8 c:/users/mahmo/downloads/nti_rtos_course/sdk_win_64/sdk_win_64/winavr/bin/../lib/gcc/avr/4.3.3/avr5\libgcc.a(_ge_sf.o)
                                0x195 (size before relaxing)
 .debug_str     0x0000023b        0xa c:/users/mahmo/downloads/nti_rtos_course/sdk_win_64/sdk_win_64/winavr/bin/../lib/gcc/avr/4.3.3/avr5\libgcc.a(_sf_to_si.o)
                                0x19e (size before relaxing)
 .debug_str     0x00000000      0x103 c:/users/mahmo/downloads/nti_rtos_course/sdk_win_64/sdk_win_64/winavr/bin/../lib/gcc/avr/4.3.3/avr5\libgcc.a(_thenan_sf.o)
 .debug_str     0x00000245       0x21 c:/users/mahmo/downloads/nti_rtos_course/sdk_win_64/sdk_win_64/winavr/bin/../lib/gcc/avr/4.3.3/avr5\libgcc.a(_usi_to_sf.o)
                                0x177 (size before relaxing)
 .debug_str     0x00000266       0x20 c:/users/mahmo/downloads/nti_rtos_course/sdk_win_64/sdk_win_64/winavr/bin/../lib/gcc/avr/4.3.3/avr5\libgcc.a(_clzsi2.o)
                                0x111 (size before relaxing)
 .debug_str     0x00000286       0x10 c:/users/mahmo/downloads/nti_rtos_course/sdk_win_64/sdk_win_64/winavr/bin/../lib/gcc/avr/4.3.3/avr5\libgcc.a(_pack_sf.o)
                                0x19d (size before relaxing)
 .debug_str     0x00000296        0xb c:/users/mahmo/downloads/nti_rtos_course/sdk_win_64/sdk_win_64/winavr/bin/../lib/gcc/avr/4.3.3/avr5\libgcc.a(_unpack_sf.o)
                                0x17f (size before relaxing)
 .debug_str     0x000002a1       0x10 c:/users/mahmo/downloads/nti_rtos_course/sdk_win_64/sdk_win_64/winavr/bin/../lib/gcc/avr/4.3.3/avr5\libgcc.a(_fpcmp_parts_sf.o)
                                0x163 (size before relaxing)
 .debug_str     0x00000000       0xf4 c:/users/mahmo/downloads/nti_rtos_course/sdk_win_64/sdk_win_64/winavr/bin/../lib/gcc/avr/4.3.3/avr5\libgcc.a(_clz.o)

.debug_loc      0x00000000      0x836
 *(.debug_loc)
 .debug_loc     0x00000000       0x34 c:/users/mahmo/downloads/nti_rtos_course/sdk_win_64/sdk_win_64/winavr/bin/../lib/gcc/avr/4.3.3/avr5\libgcc.a(_fixunssfsi.o)
 .debug_loc     0x00000034      0x32a c:/users/mahmo/downloads/nti_rtos_course/sdk_win_64/sdk_win_64/winavr/bin/../lib/gcc/avr/4.3.3/avr5\libgcc.a(_addsub_sf.o)
 .debug_loc     0x0000035e      0x104 c:/users/mahmo/downloads/nti_rtos_course/sdk_win_64/sdk_win_64/winavr/bin/../lib/gcc/avr/4.3.3/avr5\libgcc.a(_mul_sf.o)
 .debug_loc     0x00000462       0x3c c:/users/mahmo/downloads/nti_rtos_course/sdk_win_64/sdk_win_64/winavr/bin/../lib/gcc/avr/4.3.3/avr5\libgcc.a(_ge_sf.o)
 .debug_loc     0x0000049e       0x7e c:/users/mahmo/downloads/nti_rtos_course/sdk_win_64/sdk_win_64/winavr/bin/../lib/gcc/avr/4.3.3/avr5\libgcc.a(_sf_to_si.o)
 .debug_loc     0x0000051c       0x4c c:/users/mahmo/downloads/nti_rtos_course/sdk_win_64/sdk_win_64/winavr/bin/../lib/gcc/avr/4.3.3/avr5\libgcc.a(_usi_to_sf.o)
 .debug_loc     0x00000568       0x94 c:/users/mahmo/downloads/nti_rtos_course/sdk_win_64/sdk_win_64/winavr/bin/../lib/gcc/avr/4.3.3/avr5\libgcc.a(_clzsi2.o)
 .debug_loc     0x000005fc      0x13e c:/users/mahmo/downloads/nti_rtos_course/sdk_win_64/sdk_win_64/winavr/bin/../lib/gcc/avr/4.3.3/avr5\libgcc.a(_pack_sf.o)
 .debug_loc     0x0000073a       0xac c:/users/mahmo/downloads/nti_rtos_course/sdk_win_64/sdk_win_64/winavr/bin/../lib/gcc/avr/4.3.3/avr5\libgcc.a(_unpack_sf.o)
 .debug_loc     0x000007e6       0x50 c:/users/mahmo/downloads/nti_rtos_course/sdk_win_64/sdk_win_64/winavr/bin/../lib/gcc/avr/4.3.3/avr5\libgcc.a(_fpcmp_parts_sf.o)

.debug_macinfo
 *(.debug_macinfo)
OUTPUT(Smart_Home.elf elf32-avr)
LOAD linker stubs

.debug_ranges   0x00000000       0x50
 .debug_ranges  0x00000000       0x50 c:/users/mahmo/downloads/nti_rtos_course/sdk_win_64/sdk_win_64/winavr/bin/../lib/gcc/avr/4.3.3/avr5\libgcc.a(_mul_sf.o)
